14:35:41 **** Incremental Build of configuration Debug for project new_app12 ****
make all 
make: Nothing to be done for 'all'.
14:36:42 **** Incremental Build of configuration Debug for project new_app12 ****
make all 
make: Nothing to be done for 'all'.
14:37:12 **** Incremental Build of configuration Debug for project new_app12 ****
make all 
make: Nothing to be done for 'all'.
14:38:18 **** Auto Build of configuration Debug for project new_app12 ****
make all 
Building file: ../src/main.c
Invoking: MicroBlaze gcc compiler
mb-gcc -Wall -O0 -g3 -c -fmessage-length=0 -MT"src/main.o" -I../../new_app12_bsp/microblaze_0/include -mlittle-endian -mcpu=v11.0 -mxl-soft-mul -Wl,--no-relax -ffunction-sections -fdata-sections -MMD -MP -MF"src/main.d" -MT"src/main.o" -o "src/main.o" "../src/main.c"
Finished building: ../src/main.c
 
Building target: new_app12.elf
Invoking: MicroBlaze gcc linker
mb-gcc -Wl,-T -Wl,../src/lscript.ld -L../../new_app12_bsp/microblaze_0/lib -mlittle-endian -mcpu=v11.0 -mxl-soft-mul -Wl,--no-relax -Wl,--gc-sections -o "new_app12.elf"  ./src/user_logic/func_table.o ./src/user_logic/parser.o ./src/user_logic/uart_driver.o  ./src/core_logic/spiFuncDef.o  ./src/main.o   -Wl,--start-group,-lxil,-lgcc,-lc,--end-group
Finished building target: new_app12.elf
 
Invoking: MicroBlaze Print Size
mb-size new_app12.elf  |tee "new_app12.elf.size"
   text	   data	    bss	    dec	    hex	filename
  19156	   1372	   3256	  23784	   5ce8	new_app12.elf
Finished building: new_app12.elf.size
 
14:38:26 **** Incremental Build of configuration Debug for project new_app12 ****
make all 
make: Nothing to be done for 'all'.
14:42:07 **** Incremental Build of configuration Debug for project new_app12 ****
make all 
make: Nothing to be done for 'all'.
14:44:45 **** Incremental Build of configuration Debug for project new_app12 ****
make all 
make: Nothing to be done for 'all'.
14:47:46 **** Incremental Build of configuration Debug for project new_app12 ****
make all 
make: Nothing to be done for 'all'.
14:49:30 **** Auto Build of configuration Debug for project new_app12 ****
make all 
Building file: ../src/user_logic/parser.c
Invoking: MicroBlaze gcc compiler
mb-gcc -Wall -O0 -g3 -c -fmessage-length=0 -MT"src/user_logic/parser.o" -I../../new_app12_bsp/microblaze_0/include -mlittle-endian -mcpu=v11.0 -mxl-soft-mul -Wl,--no-relax -ffunction-sections -fdata-sections -MMD -MP -MF"src/user_logic/parser.d" -MT"src/user_logic/parser.o" -o "src/user_logic/parser.o" "../src/user_logic/parser.c"
../src/user_logic/parser.c: In function 'parse_and_store':
../src/user_logic/parser.c:155:13: warning: this 'while' clause does not guard... [-Wmisleading-indentation]
             while (REG_8IP_myRead(REG_COMMAND) == CMD_IDLE);
             ^~~~~
../src/user_logic/parser.c:156:13: note: ...this statement, but the latter is misleadingly indented as if it were guarded by the 'while'
             {   read_and_print_result(desc);}
             ^
Finished building: ../src/user_logic/parser.c
 
Building target: new_app12.elf
Invoking: MicroBlaze gcc linker
mb-gcc -Wl,-T -Wl,../src/lscript.ld -L../../new_app12_bsp/microblaze_0/lib -mlittle-endian -mcpu=v11.0 -mxl-soft-mul -Wl,--no-relax -Wl,--gc-sections -o "new_app12.elf"  ./src/user_logic/func_table.o ./src/user_logic/parser.o ./src/user_logic/uart_driver.o  ./src/core_logic/spiFuncDef.o  ./src/main.o   -Wl,--start-group,-lxil,-lgcc,-lc,--end-group
Finished building target: new_app12.elf
 
Invoking: MicroBlaze Print Size
mb-size new_app12.elf  |tee "new_app12.elf.size"
   text	   data	    bss	    dec	    hex	filename
  19156	   1372	   3256	  23784	   5ce8	new_app12.elf
Finished building: new_app12.elf.size
 
14:49:50 **** Auto Build of configuration Debug for project new_app12 ****
make all 
Building file: ../src/user_logic/parser.c
Invoking: MicroBlaze gcc compiler
mb-gcc -Wall -O0 -g3 -c -fmessage-length=0 -MT"src/user_logic/parser.o" -I../../new_app12_bsp/microblaze_0/include -mlittle-endian -mcpu=v11.0 -mxl-soft-mul -Wl,--no-relax -ffunction-sections -fdata-sections -MMD -MP -MF"src/user_logic/parser.d" -MT"src/user_logic/parser.o" -o "src/user_logic/parser.o" "../src/user_logic/parser.c"
../src/user_logic/parser.c:77:13: warning: 'read_and_print_result' defined but not used [-Wunused-function]
 static void read_and_print_result(const FuncDescriptor *desc)
             ^~~~~~~~~~~~~~~~~~~~~
Finished building: ../src/user_logic/parser.c
 
Building target: new_app12.elf
Invoking: MicroBlaze gcc linker
mb-gcc -Wl,-T -Wl,../src/lscript.ld -L../../new_app12_bsp/microblaze_0/lib -mlittle-endian -mcpu=v11.0 -mxl-soft-mul -Wl,--no-relax -Wl,--gc-sections -o "new_app12.elf"  ./src/user_logic/func_table.o ./src/user_logic/parser.o ./src/user_logic/uart_driver.o  ./src/core_logic/spiFuncDef.o  ./src/main.o   -Wl,--start-group,-lxil,-lgcc,-lc,--end-group
Finished building target: new_app12.elf
 
Invoking: MicroBlaze Print Size
mb-size new_app12.elf  |tee "new_app12.elf.size"
   text	   data	    bss	    dec	    hex	filename
  18476	   1372	   3256	  23104	   5a40	new_app12.elf
Finished building: new_app12.elf.size
 
14:50:48 **** Auto Build of configuration Debug for project new_app12 ****
make all 
Building file: ../src/user_logic/parser.c
Invoking: MicroBlaze gcc compiler
mb-gcc -Wall -O0 -g3 -c -fmessage-length=0 -MT"src/user_logic/parser.o" -I../../new_app12_bsp/microblaze_0/include -mlittle-endian -mcpu=v11.0 -mxl-soft-mul -Wl,--no-relax -ffunction-sections -fdata-sections -MMD -MP -MF"src/user_logic/parser.d" -MT"src/user_logic/parser.o" -o "src/user_logic/parser.o" "../src/user_logic/parser.c"
Finished building: ../src/user_logic/parser.c
 
Building target: new_app12.elf
Invoking: MicroBlaze gcc linker
mb-gcc -Wl,-T -Wl,../src/lscript.ld -L../../new_app12_bsp/microblaze_0/lib -mlittle-endian -mcpu=v11.0 -mxl-soft-mul -Wl,--no-relax -Wl,--gc-sections -o "new_app12.elf"  ./src/user_logic/func_table.o ./src/user_logic/parser.o ./src/user_logic/uart_driver.o  ./src/core_logic/spiFuncDef.o  ./src/main.o   -Wl,--start-group,-lxil,-lgcc,-lc,--end-group
Finished building target: new_app12.elf
 
Invoking: MicroBlaze Print Size
mb-size new_app12.elf  |tee "new_app12.elf.size"
   text	   data	    bss	    dec	    hex	filename
  19132	   1372	   3256	  23760	   5cd0	new_app12.elf
Finished building: new_app12.elf.size
 
14:50:56 **** Incremental Build of configuration Debug for project new_app12 ****
make all 
make: Nothing to be done for 'all'.
14:53:30 **** Auto Build of configuration Debug for project new_app12 ****
make all 
Building file: ../src/user_logic/parser.c
Invoking: MicroBlaze gcc compiler
mb-gcc -Wall -O0 -g3 -c -fmessage-length=0 -MT"src/user_logic/parser.o" -I../../new_app12_bsp/microblaze_0/include -mlittle-endian -mcpu=v11.0 -mxl-soft-mul -Wl,--no-relax -ffunction-sections -fdata-sections -MMD -MP -MF"src/user_logic/parser.d" -MT"src/user_logic/parser.o" -o "src/user_logic/parser.o" "../src/user_logic/parser.c"
../src/user_logic/parser.c: In function 'parse_and_store':
../src/user_logic/parser.c:155:13: warning: this 'while' clause does not guard... [-Wmisleading-indentation]
             while (REG_8IP_myRead(REG_COMMAND) == CMD_IDLE);
             ^~~~~
../src/user_logic/parser.c:156:13: note: ...this statement, but the latter is misleadingly indented as if it were guarded by the 'while'
             {   read_and_print_result(desc);}
             ^
Finished building: ../src/user_logic/parser.c
 
Building target: new_app12.elf
Invoking: MicroBlaze gcc linker
mb-gcc -Wl,-T -Wl,../src/lscript.ld -L../../new_app12_bsp/microblaze_0/lib -mlittle-endian -mcpu=v11.0 -mxl-soft-mul -Wl,--no-relax -Wl,--gc-sections -o "new_app12.elf"  ./src/user_logic/func_table.o ./src/user_logic/parser.o ./src/user_logic/uart_driver.o  ./src/core_logic/spiFuncDef.o  ./src/main.o   -Wl,--start-group,-lxil,-lgcc,-lc,--end-group
Finished building target: new_app12.elf
 
Invoking: MicroBlaze Print Size
mb-size new_app12.elf  |tee "new_app12.elf.size"
   text	   data	    bss	    dec	    hex	filename
  19156	   1372	   3256	  23784	   5ce8	new_app12.elf
Finished building: new_app12.elf.size
 
14:58:47 **** Auto Build of configuration Debug for project new_app12 ****
make all 
make: Nothing to be done for 'all'.
14:58:59 **** Auto Build of configuration Debug for project new_app12 ****
make all 
make: Nothing to be done for 'all'.
14:59:22 **** Auto Build of configuration Debug for project new_app12 ****
make all 
Building file: ../src/core_logic/executor.c
Invoking: MicroBlaze gcc compiler
mb-gcc -Wall -O0 -g3 -c -fmessage-length=0 -MT"src/core_logic/executor.o" -I../../new_app12_bsp/microblaze_0/include -mlittle-endian -mcpu=v11.0 -mxl-soft-mul -Wl,--no-relax -ffunction-sections -fdata-sections -MMD -MP -MF"src/core_logic/executor.d" -MT"src/core_logic/executor.o" -o "src/core_logic/executor.o" "../src/core_logic/executor.c"
Finished building: ../src/core_logic/executor.c
 
Building target: new_app12.elf
Invoking: MicroBlaze gcc linker
mb-gcc -Wl,-T -Wl,../src/lscript.ld -L../../new_app12_bsp/microblaze_0/lib -mlittle-endian -mcpu=v11.0 -mxl-soft-mul -Wl,--no-relax -Wl,--gc-sections -o "new_app12.elf"  ./src/user_logic/func_table.o ./src/user_logic/parser.o ./src/user_logic/uart_driver.o  ./src/core_logic/executor.o ./src/core_logic/spiFuncDef.o  ./src/main.o   -Wl,--start-group,-lxil,-lgcc,-lc,--end-group
Finished building target: new_app12.elf
 
Invoking: MicroBlaze Print Size
mb-size new_app12.elf  |tee "new_app12.elf.size"
   text	   data	    bss	    dec	    hex	filename
  19156	   1372	   3256	  23784	   5ce8	new_app12.elf
Finished building: new_app12.elf.size
 
15:00:07 **** Auto Build of configuration Debug for project new_app12 ****
make all 
Building file: ../src/core_logic/executor.c
Invoking: MicroBlaze gcc compiler
mb-gcc -Wall -O0 -g3 -c -fmessage-length=0 -MT"src/core_logic/executor.o" -I../../new_app12_bsp/microblaze_0/include -mlittle-endian -mcpu=v11.0 -mxl-soft-mul -Wl,--no-relax -ffunction-sections -fdata-sections -MMD -MP -MF"src/core_logic/executor.d" -MT"src/core_logic/executor.o" -o "src/core_logic/executor.o" "../src/core_logic/executor.c"
../src/core_logic/executor.c:11:10: fatal error: user_logic/uart_driver.h: No such file or directory
 #include "user_logic/uart_driver.h"
          ^~~~~~~~~~~~~~~~~~~~~~~~~~
compilation terminated.
make: *** [src/core_logic/subdir.mk:23: src/core_logic/executor.o] Error 1
15:00:27 **** Auto Build of configuration Debug for project new_app12 ****
make all 
Building file: ../src/core_logic/executor.c
Invoking: MicroBlaze gcc compiler
mb-gcc -Wall -O0 -g3 -c -fmessage-length=0 -MT"src/core_logic/executor.o" -I../../new_app12_bsp/microblaze_0/include -mlittle-endian -mcpu=v11.0 -mxl-soft-mul -Wl,--no-relax -ffunction-sections -fdata-sections -MMD -MP -MF"src/core_logic/executor.d" -MT"src/core_logic/executor.o" -o "src/core_logic/executor.o" "../src/core_logic/executor.c"
../src/core_logic/executor.c:11:10: fatal error: ../uart_driver.h: No such file or directory
 #include "../uart_driver.h"
          ^~~~~~~~~~~~~~~~~~
compilation terminated.
make: *** [src/core_logic/subdir.mk:23: src/core_logic/executor.o] Error 1
15:00:44 **** Auto Build of configuration Debug for project new_app12 ****
make all 
Building file: ../src/core_logic/executor.c
Invoking: MicroBlaze gcc compiler
mb-gcc -Wall -O0 -g3 -c -fmessage-length=0 -MT"src/core_logic/executor.o" -I../../new_app12_bsp/microblaze_0/include -mlittle-endian -mcpu=v11.0 -mxl-soft-mul -Wl,--no-relax -ffunction-sections -fdata-sections -MMD -MP -MF"src/core_logic/executor.d" -MT"src/core_logic/executor.o" -o "src/core_logic/executor.o" "../src/core_logic/executor.c"
Finished building: ../src/core_logic/executor.c
 
Building target: new_app12.elf
Invoking: MicroBlaze gcc linker
mb-gcc -Wl,-T -Wl,../src/lscript.ld -L../../new_app12_bsp/microblaze_0/lib -mlittle-endian -mcpu=v11.0 -mxl-soft-mul -Wl,--no-relax -Wl,--gc-sections -o "new_app12.elf"  ./src/user_logic/func_table.o ./src/user_logic/parser.o ./src/user_logic/uart_driver.o  ./src/core_logic/executor.o ./src/core_logic/spiFuncDef.o  ./src/main.o   -Wl,--start-group,-lxil,-lgcc,-lc,--end-group
Finished building target: new_app12.elf
 
Invoking: MicroBlaze Print Size
mb-size new_app12.elf  |tee "new_app12.elf.size"
   text	   data	    bss	    dec	    hex	filename
  19156	   1372	   3256	  23784	   5ce8	new_app12.elf
Finished building: new_app12.elf.size
 
15:01:28 **** Auto Build of configuration Debug for project new_app12 ****
make all 
Building file: ../src/core_logic/executor.c
Invoking: MicroBlaze gcc compiler
mb-gcc -Wall -O0 -g3 -c -fmessage-length=0 -MT"src/core_logic/executor.o" -I../../new_app12_bsp/microblaze_0/include -mlittle-endian -mcpu=v11.0 -mxl-soft-mul -Wl,--no-relax -ffunction-sections -fdata-sections -MMD -MP -MF"src/core_logic/executor.d" -MT"src/core_logic/executor.o" -o "src/core_logic/executor.o" "../src/core_logic/executor.c"
Finished building: ../src/core_logic/executor.c
 
Building target: new_app12.elf
Invoking: MicroBlaze gcc linker
mb-gcc -Wl,-T -Wl,../src/lscript.ld -L../../new_app12_bsp/microblaze_0/lib -mlittle-endian -mcpu=v11.0 -mxl-soft-mul -Wl,--no-relax -Wl,--gc-sections -o "new_app12.elf"  ./src/user_logic/func_table.o ./src/user_logic/parser.o ./src/user_logic/uart_driver.o  ./src/core_logic/executor.o ./src/core_logic/spiFuncDef.o  ./src/main.o   -Wl,--start-group,-lxil,-lgcc,-lc,--end-group
Finished building target: new_app12.elf
 
Invoking: MicroBlaze Print Size
mb-size new_app12.elf  |tee "new_app12.elf.size"
   text	   data	    bss	    dec	    hex	filename
  19156	   1372	   3256	  23784	   5ce8	new_app12.elf
Finished building: new_app12.elf.size
 
15:07:20 **** Auto Build of configuration Debug for project new_app12 ****
make all 
Building file: ../src/core_logic/executor.c
Invoking: MicroBlaze gcc compiler
mb-gcc -Wall -O0 -g3 -c -fmessage-length=0 -MT"src/core_logic/executor.o" -I../../new_app12_bsp/microblaze_0/include -mlittle-endian -mcpu=v11.0 -mxl-soft-mul -Wl,--no-relax -ffunction-sections -fdata-sections -MMD -MP -MF"src/core_logic/executor.d" -MT"src/core_logic/executor.o" -o "src/core_logic/executor.o" "../src/core_logic/executor.c"
../src/core_logic/executor.c:17:25: error: 'MAX_BURST_SIZE' undeclared here (not in a function); did you mean '_ATEXIT_SIZE'?
     uint8_t  data_array[MAX_BURST_SIZE];
                         ^~~~~~~~~~~~~~
                         _ATEXIT_SIZE
../src/core_logic/executor.c: In function 'handle_burst_read':
../src/core_logic/executor.c:91:14: warning: unused variable 'readBuf' [-Wunused-variable]
     uint8_t  readBuf[MAX_BURST_SIZE] = {0U};
              ^~~~~~~
../src/core_logic/executor.c: At top level:
../src/core_logic/executor.c:133:43: error: 'FUNC_ID_COUNT' undeclared here (not in a function)
 static const OpcodeHandler dispatch_table[FUNC_ID_COUNT] =
                                           ^~~~~~~~~~~~~
../src/core_logic/executor.c:135:6: error: 'FUNC_ID_AFE_SPI_RAW_WRITE' undeclared here (not in a function)
     [FUNC_ID_AFE_SPI_RAW_WRITE        ] = handle_raw_write,
      ^~~~~~~~~~~~~~~~~~~~~~~~~
../src/core_logic/executor.c:135:6: error: array index in initializer not of integer type
../src/core_logic/executor.c:135:6: note: (near initialization for 'dispatch_table')
../src/core_logic/executor.c:136:6: error: 'FUNC_ID_AFE_SPI_RAW_READ' undeclared here (not in a function); did you mean 'FUNC_ID_AFE_SPI_RAW_WRITE'?
     [FUNC_ID_AFE_SPI_RAW_READ         ] = handle_raw_read,
      ^~~~~~~~~~~~~~~~~~~~~~~~
      FUNC_ID_AFE_SPI_RAW_WRITE
../src/core_logic/executor.c:136:6: error: array index in initializer not of integer type
../src/core_logic/executor.c:136:6: note: (near initialization for 'dispatch_table')
../src/core_logic/executor.c:137:6: error: 'FUNC_ID_AFE_SPI_BURST_WRITE' undeclared here (not in a function); did you mean 'FUNC_ID_AFE_SPI_RAW_WRITE'?
     [FUNC_ID_AFE_SPI_BURST_WRITE      ] = handle_burst_write,
      ^~~~~~~~~~~~~~~~~~~~~~~~~~~
      FUNC_ID_AFE_SPI_RAW_WRITE
../src/core_logic/executor.c:137:6: error: array index in initializer not of integer type
../src/core_logic/executor.c:137:6: note: (near initialization for 'dispatch_table')
../src/core_logic/executor.c:138:6: error: 'FUNC_ID_AFE_SPI_BURST_READ' undeclared here (not in a function); did you mean 'FUNC_ID_AFE_SPI_BURST_WRITE'?
     [FUNC_ID_AFE_SPI_BURST_READ       ] = handle_burst_read,
      ^~~~~~~~~~~~~~~~~~~~~~~~~~
      FUNC_ID_AFE_SPI_BURST_WRITE
../src/core_logic/executor.c:138:6: error: array index in initializer not of integer type
../src/core_logic/executor.c:138:6: note: (near initialization for 'dispatch_table')
../src/core_logic/executor.c:139:6: error: 'FUNC_ID_AFE_SPI_RAW_WRITE_MULTI' undeclared here (not in a function); did you mean 'FUNC_ID_AFE_SPI_RAW_WRITE'?
     [FUNC_ID_AFE_SPI_RAW_WRITE_MULTI  ] = handle_raw_write_multi,
      ^~~~~~~~~~~~~~~~~~~~~~~~~~~~~~~
      FUNC_ID_AFE_SPI_RAW_WRITE
../src/core_logic/executor.c:139:6: error: array index in initializer not of integer type
../src/core_logic/executor.c:139:6: note: (near initialization for 'dispatch_table')
../src/core_logic/executor.c:140:6: error: 'FUNC_ID_AFE_SPI_RAW_READ_MULTI' undeclared here (not in a function); did you mean 'FUNC_ID_AFE_SPI_RAW_WRITE_MULTI'?
     [FUNC_ID_AFE_SPI_RAW_READ_MULTI   ] = handle_raw_read_multi,
      ^~~~~~~~~~~~~~~~~~~~~~~~~~~~~~
      FUNC_ID_AFE_SPI_RAW_WRITE_MULTI
../src/core_logic/executor.c:140:6: error: array index in initializer not of integer type
../src/core_logic/executor.c:140:6: note: (near initialization for 'dispatch_table')
../src/core_logic/executor.c:141:6: error: 'FUNC_ID_AFE_SPI_BURST_WRITE_MULTI' undeclared here (not in a function); did you mean 'FUNC_ID_AFE_SPI_RAW_WRITE_MULTI'?
     [FUNC_ID_AFE_SPI_BURST_WRITE_MULTI] = handle_burst_write_multi,
      ^~~~~~~~~~~~~~~~~~~~~~~~~~~~~~~~~
      FUNC_ID_AFE_SPI_RAW_WRITE_MULTI
../src/core_logic/executor.c:141:6: error: array index in initializer not of integer type
../src/core_logic/executor.c:141:6: note: (near initialization for 'dispatch_table')
../src/core_logic/executor.c: In function 'core_execute':
../src/core_logic/executor.c:149:5: error: unknown type name 'funcID'
     funcID    id = (funcID)REG_8IP_myRead(REG_OPCODE);
     ^~~~~~
../src/core_logic/executor.c:149:21: error: 'funcID' undeclared (first use in this function)
     funcID    id = (funcID)REG_8IP_myRead(REG_OPCODE);
                     ^~~~~~
../src/core_logic/executor.c:149:21: note: each undeclared identifier is reported only once for each function it appears in
At top level:
../src/core_logic/executor.c:133:28: warning: 'dispatch_table' defined but not used [-Wunused-variable]
 static const OpcodeHandler dispatch_table[FUNC_ID_COUNT] =
                            ^~~~~~~~~~~~~~
make: *** [src/core_logic/subdir.mk:23: src/core_logic/executor.o] Error 1
15:07:31 **** Auto Build of configuration Debug for project new_app12 ****
make all 
Building file: ../src/core_logic/executor.c
Invoking: MicroBlaze gcc compiler
mb-gcc -Wall -O0 -g3 -c -fmessage-length=0 -MT"src/core_logic/executor.o" -I../../new_app12_bsp/microblaze_0/include -mlittle-endian -mcpu=v11.0 -mxl-soft-mul -Wl,--no-relax -ffunction-sections -fdata-sections -MMD -MP -MF"src/core_logic/executor.d" -MT"src/core_logic/executor.o" -o "src/core_logic/executor.o" "../src/core_logic/executor.c"
../src/core_logic/executor.c:17:25: error: 'MAX_BURST_SIZE' undeclared here (not in a function); did you mean '_ATEXIT_SIZE'?
     uint8_t  data_array[MAX_BURST_SIZE];
                         ^~~~~~~~~~~~~~
                         _ATEXIT_SIZE
../src/core_logic/executor.c: In function 'handle_burst_read':
../src/core_logic/executor.c:91:14: warning: unused variable 'readBuf' [-Wunused-variable]
     uint8_t  readBuf[MAX_BURST_SIZE] = {0U};
              ^~~~~~~
make: *** [src/core_logic/subdir.mk:23: src/core_logic/executor.o] Error 1
15:08:00 **** Auto Build of configuration Debug for project new_app12 ****
make all 
Building file: ../src/core_logic/executor.c
Invoking: MicroBlaze gcc compiler
mb-gcc -Wall -O0 -g3 -c -fmessage-length=0 -MT"src/core_logic/executor.o" -I../../new_app12_bsp/microblaze_0/include -mlittle-endian -mcpu=v11.0 -mxl-soft-mul -Wl,--no-relax -ffunction-sections -fdata-sections -MMD -MP -MF"src/core_logic/executor.d" -MT"src/core_logic/executor.o" -o "src/core_logic/executor.o" "../src/core_logic/executor.c"
Finished building: ../src/core_logic/executor.c
 
Building target: new_app12.elf
Invoking: MicroBlaze gcc linker
mb-gcc -Wl,-T -Wl,../src/lscript.ld -L../../new_app12_bsp/microblaze_0/lib -mlittle-endian -mcpu=v11.0 -mxl-soft-mul -Wl,--no-relax -Wl,--gc-sections -o "new_app12.elf"  ./src/user_logic/func_table.o ./src/user_logic/parser.o ./src/user_logic/uart_driver.o  ./src/core_logic/executor.o ./src/core_logic/spiFuncDef.o  ./src/main.o   -Wl,--start-group,-lxil,-lgcc,-lc,--end-group
Finished building target: new_app12.elf
 
Invoking: MicroBlaze Print Size
mb-size new_app12.elf  |tee "new_app12.elf.size"
   text	   data	    bss	    dec	    hex	filename
  19156	   1372	   3256	  23784	   5ce8	new_app12.elf
Finished building: new_app12.elf.size
 
15:09:29 **** Auto Build of configuration Debug for project new_app12 ****
make all 
Building file: ../src/main.c
Invoking: MicroBlaze gcc compiler
mb-gcc -Wall -O0 -g3 -c -fmessage-length=0 -MT"src/main.o" -I../../new_app12_bsp/microblaze_0/include -mlittle-endian -mcpu=v11.0 -mxl-soft-mul -Wl,--no-relax -ffunction-sections -fdata-sections -MMD -MP -MF"src/main.d" -MT"src/main.o" -o "src/main.o" "../src/main.c"
../src/main.c:4:10: fatal error: corelogic/executor.h: No such file or directory
 #include "corelogic/executor.h"
          ^~~~~~~~~~~~~~~~~~~~~~
compilation terminated.
make: *** [src/subdir.mk:23: src/main.o] Error 1
15:09:35 **** Auto Build of configuration Debug for project new_app12 ****
make all 
Building file: ../src/main.c
Invoking: MicroBlaze gcc compiler
mb-gcc -Wall -O0 -g3 -c -fmessage-length=0 -MT"src/main.o" -I../../new_app12_bsp/microblaze_0/include -mlittle-endian -mcpu=v11.0 -mxl-soft-mul -Wl,--no-relax -ffunction-sections -fdata-sections -MMD -MP -MF"src/main.d" -MT"src/main.o" -o "src/main.o" "../src/main.c"
Finished building: ../src/main.c
 
Building target: new_app12.elf
Invoking: MicroBlaze gcc linker
mb-gcc -Wl,-T -Wl,../src/lscript.ld -L../../new_app12_bsp/microblaze_0/lib -mlittle-endian -mcpu=v11.0 -mxl-soft-mul -Wl,--no-relax -Wl,--gc-sections -o "new_app12.elf"  ./src/user_logic/func_table.o ./src/user_logic/parser.o ./src/user_logic/uart_driver.o  ./src/core_logic/executor.o ./src/core_logic/spiFuncDef.o  ./src/main.o   -Wl,--start-group,-lxil,-lgcc,-lc,--end-group
Finished building target: new_app12.elf
 
Invoking: MicroBlaze Print Size
mb-size new_app12.elf  |tee "new_app12.elf.size"
   text	   data	    bss	    dec	    hex	filename
  19156	   1372	   3256	  23784	   5ce8	new_app12.elf
Finished building: new_app12.elf.size
 
15:10:06 **** Auto Build of configuration Debug for project new_app12 ****
make all 
Building file: ../src/main.c
Invoking: MicroBlaze gcc compiler
mb-gcc -Wall -O0 -g3 -c -fmessage-length=0 -MT"src/main.o" -I../../new_app12_bsp/microblaze_0/include -mlittle-endian -mcpu=v11.0 -mxl-soft-mul -Wl,--no-relax -ffunction-sections -fdata-sections -MMD -MP -MF"src/main.d" -MT"src/main.o" -o "src/main.o" "../src/main.c"
Finished building: ../src/main.c
 
Building target: new_app12.elf
Invoking: MicroBlaze gcc linker
mb-gcc -Wl,-T -Wl,../src/lscript.ld -L../../new_app12_bsp/microblaze_0/lib -mlittle-endian -mcpu=v11.0 -mxl-soft-mul -Wl,--no-relax -Wl,--gc-sections -o "new_app12.elf"  ./src/user_logic/func_table.o ./src/user_logic/parser.o ./src/user_logic/uart_driver.o  ./src/core_logic/executor.o ./src/core_logic/spiFuncDef.o  ./src/main.o   -Wl,--start-group,-lxil,-lgcc,-lc,--end-group
Finished building target: new_app12.elf
 
Invoking: MicroBlaze Print Size
mb-size new_app12.elf  |tee "new_app12.elf.size"
   text	   data	    bss	    dec	    hex	filename
  21576	   1372	   3252	  26200	   6658	new_app12.elf
Finished building: new_app12.elf.size
 
15:12:14 **** Incremental Build of configuration Debug for project new_app12 ****
make all 
make: Nothing to be done for 'all'.
15:12:24 **** Incremental Build of configuration Debug for project new_app12 ****
make all 
make: Nothing to be done for 'all'.
15:12:50 **** Incremental Build of configuration Debug for project new_app12 ****
make all 
make: Nothing to be done for 'all'.
15:13:00 **** Incremental Build of configuration Debug for project new_app12 ****
make all 
make: Nothing to be done for 'all'.
15:49:36 **** Incremental Build of configuration Debug for project new_app12 ****
make all 
make: Nothing to be done for 'all'.
15:49:58 **** Incremental Build of configuration Debug for project new_app12 ****
make all 
make: Nothing to be done for 'all'.
16:32:53 **** Auto Build of configuration Debug for project new_app12 ****
make all 
Building file: ../src/user_logic/func_table.c
Invoking: MicroBlaze gcc compiler
mb-gcc -Wall -O0 -g3 -c -fmessage-length=0 -MT"src/user_logic/func_table.o" -I../../new_app12_bsp/microblaze_0/include -mlittle-endian -mcpu=v11.0 -mxl-soft-mul -Wl,--no-relax -ffunction-sections -fdata-sections -MMD -MP -MF"src/user_logic/func_table.d" -MT"src/user_logic/func_table.o" -o "src/user_logic/func_table.o" "../src/user_logic/func_table.c"
Finished building: ../src/user_logic/func_table.c
 
Building file: ../src/user_logic/parser.c
Invoking: MicroBlaze gcc compiler
mb-gcc -Wall -O0 -g3 -c -fmessage-length=0 -MT"src/user_logic/parser.o" -I../../new_app12_bsp/microblaze_0/include -mlittle-endian -mcpu=v11.0 -mxl-soft-mul -Wl,--no-relax -ffunction-sections -fdata-sections -MMD -MP -MF"src/user_logic/parser.d" -MT"src/user_logic/parser.o" -o "src/user_logic/parser.o" "../src/user_logic/parser.c"
../src/user_logic/parser.c: In function 'parse_and_store':
../src/user_logic/parser.c:155:13: warning: this 'while' clause does not guard... [-Wmisleading-indentation]
             while (REG_8IP_myRead(REG_COMMAND) == CMD_IDLE);
             ^~~~~
../src/user_logic/parser.c:156:13: note: ...this statement, but the latter is misleadingly indented as if it were guarded by the 'while'
             {   read_and_print_result(desc);}
             ^
Finished building: ../src/user_logic/parser.c
 
Building target: new_app12.elf
Invoking: MicroBlaze gcc linker
mb-gcc -Wl,-T -Wl,../src/lscript.ld -L../../new_app12_bsp/microblaze_0/lib -mlittle-endian -mcpu=v11.0 -mxl-soft-mul -Wl,--no-relax -Wl,--gc-sections -o "new_app12.elf"  ./src/user_logic/func_table.o ./src/user_logic/parser.o ./src/user_logic/uart_driver.o  ./src/core_logic/executor.o ./src/core_logic/spiFuncDef.o  ./src/main.o   -Wl,--start-group,-lxil,-lgcc,-lc,--end-group
Finished building target: new_app12.elf
 
Invoking: MicroBlaze Print Size
mb-size new_app12.elf  |tee "new_app12.elf.size"
   text	   data	    bss	    dec	    hex	filename
  21576	   1372	   3252	  26200	   6658	new_app12.elf
Finished building: new_app12.elf.size
 
12:32:52 **** Build of project ag_new_bsp ****
make -k all 
Running Make include in microblaze_0/libsrc/standalone_v6_8/src
make -C microblaze_0/libsrc/standalone_v6_8/src -s include  "SHELL=/bin/sh" "COMPILER=mb-gcc" "ARCHIVER=mb-ar" "COMPILER_FLAGS=  -O2 -c -mcpu=v11.0 -mlittle-endian -mxl-soft-mul" "EXTRA_COMPILER_FLAGS=-ffunction-sections -fdata-sections -Wall -Wextra"
Running Make include in microblaze_0/libsrc/uartlite_v3_2/src
make -C microblaze_0/libsrc/uartlite_v3_2/src -s include  "SHELL=/bin/sh" "COMPILER=mb-gcc" "ARCHIVER=mb-ar" "COMPILER_FLAGS=  -O2 -c -mcpu=v11.0 -mlittle-endian -mxl-soft-mul" "EXTRA_COMPILER_FLAGS=-ffunction-sections -fdata-sections -Wall -Wextra"
Running Make include in microblaze_0/libsrc/bram_v4_2/src
make -C microblaze_0/libsrc/bram_v4_2/src -s include  "SHELL=/bin/sh" "COMPILER=mb-gcc" "ARCHIVER=mb-ar" "COMPILER_FLAGS=  -O2 -c -mcpu=v11.0 -mlittle-endian -mxl-soft-mul" "EXTRA_COMPILER_FLAGS=-ffunction-sections -fdata-sections -Wall -Wextra"
Running Make include in microblaze_0/libsrc/reg_32ip_v1_0/src
make -C microblaze_0/libsrc/reg_32ip_v1_0/src -s include  "SHELL=/bin/sh" "COMPILER=mb-gcc" "ARCHIVER=mb-ar" "COMPILER_FLAGS=  -O2 -c -mcpu=v11.0 -mlittle-endian -mxl-soft-mul" "EXTRA_COMPILER_FLAGS=-ffunction-sections -fdata-sections -Wall -Wextra"
Running Make include in microblaze_0/libsrc/cpu_v2_8/src
make -C microblaze_0/libsrc/cpu_v2_8/src -s include  "SHELL=/bin/sh" "COMPILER=mb-gcc" "ARCHIVER=mb-ar" "COMPILER_FLAGS=  -O2 -c -mcpu=v11.0 -mlittle-endian -mxl-soft-mul" "EXTRA_COMPILER_FLAGS=-ffunction-sections -fdata-sections -Wall -Wextra"
Running Make include in microblaze_0/libsrc/intc_v3_8/src
make -C microblaze_0/libsrc/intc_v3_8/src -s include  "SHELL=/bin/sh" "COMPILER=mb-gcc" "ARCHIVER=mb-ar" "COMPILER_FLAGS=  -O2 -c -mcpu=v11.0 -mlittle-endian -mxl-soft-mul" "EXTRA_COMPILER_FLAGS=-ffunction-sections -fdata-sections -Wall -Wextra"
Running Make libs in microblaze_0/libsrc/standalone_v6_8/src
make -C microblaze_0/libsrc/standalone_v6_8/src -s libs  "SHELL=/bin/sh" "COMPILER=mb-gcc" "ARCHIVER=mb-ar" "COMPILER_FLAGS=  -O2 -c -mcpu=v11.0 -mlittle-endian -mxl-soft-mul" "EXTRA_COMPILER_FLAGS=-ffunction-sections -fdata-sections -Wall -Wextra"
Compiling standalone
microblaze_sleep.c:77:9: note: #pragma message: For the sleep routines, assembly instructions are used
 #pragma message ("For the sleep routines, assembly instructions are used")
         ^~~~~~~
mb-ar: creating ../../../lib/libxil.a
Running Make libs in microblaze_0/libsrc/uartlite_v3_2/src
make -C microblaze_0/libsrc/uartlite_v3_2/src -s libs  "SHELL=/bin/sh" "COMPILER=mb-gcc" "ARCHIVER=mb-ar" "COMPILER_FLAGS=  -O2 -c -mcpu=v11.0 -mlittle-endian -mxl-soft-mul" "EXTRA_COMPILER_FLAGS=-ffunction-sections -fdata-sections -Wall -Wextra"
Compiling uartlite
Running Make libs in microblaze_0/libsrc/bram_v4_2/src
make -C microblaze_0/libsrc/bram_v4_2/src -s libs  "SHELL=/bin/sh" "COMPILER=mb-gcc" "ARCHIVER=mb-ar" "COMPILER_FLAGS=  -O2 -c -mcpu=v11.0 -mlittle-endian -mxl-soft-mul" "EXTRA_COMPILER_FLAGS=-ffunction-sections -fdata-sections -Wall -Wextra"
Compiling bram
Running Make libs in microblaze_0/libsrc/reg_32ip_v1_0/src
make -C microblaze_0/libsrc/reg_32ip_v1_0/src -s libs  "SHELL=/bin/sh" "COMPILER=mb-gcc" "ARCHIVER=mb-ar" "COMPILER_FLAGS=  -O2 -c -mcpu=v11.0 -mlittle-endian -mxl-soft-mul" "EXTRA_COMPILER_FLAGS=-ffunction-sections -fdata-sections -Wall -Wextra"
Compiling reg_32ip...
reg_32ip_selftest.c: In function 'REG_32IP_Reg_SelfTest':
reg_32ip_selftest.c:52:57: warning: comparison between signed and unsigned integer expressions [-Wsign-compare]
    if ( REG_32IP_mReadReg (baseaddr, read_loop_index*4) != (read_loop_index+1)*READ_WRITE_MUL_FACTOR){
                                                         ^~
reg_32ip_selftest.c:36:6: warning: unused variable 'Index' [-Wunused-variable]
  int Index;
      ^~~~~
Running Make libs in microblaze_0/libsrc/cpu_v2_8/src
make -C microblaze_0/libsrc/cpu_v2_8/src -s libs  "SHELL=/bin/sh" "COMPILER=mb-gcc" "ARCHIVER=mb-ar" "COMPILER_FLAGS=  -O2 -c -mcpu=v11.0 -mlittle-endian -mxl-soft-mul" "EXTRA_COMPILER_FLAGS=-ffunction-sections -fdata-sections -Wall -Wextra"
Compiling cpu
Running Make libs in microblaze_0/libsrc/intc_v3_8/src
make -C microblaze_0/libsrc/intc_v3_8/src -s libs  "SHELL=/bin/sh" "COMPILER=mb-gcc" "ARCHIVER=mb-ar" "COMPILER_FLAGS=  -O2 -c -mcpu=v11.0 -mlittle-endian -mxl-soft-mul" "EXTRA_COMPILER_FLAGS=-ffunction-sections -fdata-sections -Wall -Wextra"
Compiling intc
Finished building libraries

**** Build of configuration Debug for project ag_new ****

Nothing to build for project ag_new

****  of configuration Debug for project ag_new ****

Nothing to build for project ag_new

****  of configuration Debug for project ag_new ****

Nothing to build for project ag_new
12:37:50 **** Auto Build of configuration Debug for project ag_new ****
make all 
Building file: ../src/core_logic/afe_drivers.c
Invoking: MicroBlaze gcc compiler
mb-gcc -Wall -O0 -g3 -c -fmessage-length=0 -MT"src/core_logic/afe_drivers.o" -I../../ag_new_bsp/microblaze_0/include -mlittle-endian -mcpu=v11.0 -mxl-soft-mul -Wl,--no-relax -ffunction-sections -fdata-sections -MMD -MP -MF"src/core_logic/afe_drivers.d" -MT"src/core_logic/afe_drivers.o" -o "src/core_logic/afe_drivers.o" "../src/core_logic/afe_drivers.c"
Finished building: ../src/core_logic/afe_drivers.c
 
Building file: ../src/core_logic/api.c
Invoking: MicroBlaze gcc compiler
mb-gcc -Wall -O0 -g3 -c -fmessage-length=0 -MT"src/core_logic/api.o" -I../../ag_new_bsp/microblaze_0/include -mlittle-endian -mcpu=v11.0 -mxl-soft-mul -Wl,--no-relax -ffunction-sections -fdata-sections -MMD -MP -MF"src/core_logic/api.d" -MT"src/core_logic/api.o" -o "src/core_logic/api.o" "../src/core_logic/api.c"
../src/core_logic/api.c:2:10: fatal error: axi_regs.h: No such file or directory
 #include "axi_regs.h"
          ^~~~~~~~~~~~
compilation terminated.
make: *** [src/core_logic/subdir.mk:26: src/core_logic/api.o] Error 1
12:38:10 **** Auto Build of configuration Debug for project ag_new ****
make all 
Building file: ../src/user_logic/parser.c
Invoking: MicroBlaze gcc compiler
mb-gcc -Wall -O0 -g3 -c -fmessage-length=0 -MT"src/user_logic/parser.o" -I../../ag_new_bsp/microblaze_0/include -mlittle-endian -mcpu=v11.0 -mxl-soft-mul -Wl,--no-relax -ffunction-sections -fdata-sections -MMD -MP -MF"src/user_logic/parser.d" -MT"src/user_logic/parser.o" -o "src/user_logic/parser.o" "../src/user_logic/parser.c"
../src/user_logic/parser.c:4:10: fatal error: axi_regs.h: No such file or directory
 #include "axi_regs.h"
          ^~~~~~~~~~~~
compilation terminated.
make: *** [src/user_logic/subdir.mk:23: src/user_logic/parser.o] Error 1
12:38:31 **** Auto Build of configuration Debug for project ag_new ****
make all 
Building file: ../src/user_logic/parser.c
Invoking: MicroBlaze gcc compiler
mb-gcc -Wall -O0 -g3 -c -fmessage-length=0 -MT"src/user_logic/parser.o" -I../../ag_new_bsp/microblaze_0/include -mlittle-endian -mcpu=v11.0 -mxl-soft-mul -Wl,--no-relax -ffunction-sections -fdata-sections -MMD -MP -MF"src/user_logic/parser.d" -MT"src/user_logic/parser.o" -o "src/user_logic/parser.o" "../src/user_logic/parser.c"
../src/user_logic/parser.c:4:10: fatal error: axi_regs.h: No such file or directory
 #include "axi_regs.h"
          ^~~~~~~~~~~~
compilation terminated.
make: *** [src/user_logic/subdir.mk:23: src/user_logic/parser.o] Error 1
12:39:15 **** Auto Build of configuration Debug for project ag_new ****
make all 
Building file: ../src/user_logic/parser.c
Invoking: MicroBlaze gcc compiler
mb-gcc -Wall -O0 -g3 -c -fmessage-length=0 -MT"src/user_logic/parser.o" -I../../ag_new_bsp/microblaze_0/include -mlittle-endian -mcpu=v11.0 -mxl-soft-mul -Wl,--no-relax -ffunction-sections -fdata-sections -MMD -MP -MF"src/user_logic/parser.d" -MT"src/user_logic/parser.o" -o "src/user_logic/parser.o" "../src/user_logic/parser.c"
../src/user_logic/parser.c:5:10: fatal error: corelogic/api.h: No such file or directory
 #include "corelogic/api.h"
          ^~~~~~~~~~~~~~~~~
compilation terminated.
make: *** [src/user_logic/subdir.mk:23: src/user_logic/parser.o] Error 1
12:39:35 **** Auto Build of configuration Debug for project ag_new ****
make all 
Building file: ../src/user_logic/parser.c
Invoking: MicroBlaze gcc compiler
mb-gcc -Wall -O0 -g3 -c -fmessage-length=0 -MT"src/user_logic/parser.o" -I../../ag_new_bsp/microblaze_0/include -mlittle-endian -mcpu=v11.0 -mxl-soft-mul -Wl,--no-relax -ffunction-sections -fdata-sections -MMD -MP -MF"src/user_logic/parser.d" -MT"src/user_logic/parser.o" -o "src/user_logic/parser.o" "../src/user_logic/parser.c"
../src/user_logic/parser.c:5:10: fatal error: core_logic/api.h: No such file or directory
 #include "core_logic/api.h"
          ^~~~~~~~~~~~~~~~~~
compilation terminated.
make: *** [src/user_logic/subdir.mk:23: src/user_logic/parser.o] Error 1
12:39:47 **** Auto Build of configuration Debug for project ag_new ****
make all 
Building file: ../src/user_logic/parser.c
Invoking: MicroBlaze gcc compiler
mb-gcc -Wall -O0 -g3 -c -fmessage-length=0 -MT"src/user_logic/parser.o" -I../../ag_new_bsp/microblaze_0/include -mlittle-endian -mcpu=v11.0 -mxl-soft-mul -Wl,--no-relax -ffunction-sections -fdata-sections -MMD -MP -MF"src/user_logic/parser.d" -MT"src/user_logic/parser.o" -o "src/user_logic/parser.o" "../src/user_logic/parser.c"
../src/user_logic/parser.c:5:10: fatal error: core_logic/api.h: No such file or directory
 #include "core_logic/api.h"
          ^~~~~~~~~~~~~~~~~~
compilation terminated.
make: *** [src/user_logic/subdir.mk:23: src/user_logic/parser.o] Error 1
12:40:30 **** Auto Build of configuration Debug for project ag_new ****
make all 
Building file: ../src/user_logic/parser.c
Invoking: MicroBlaze gcc compiler
mb-gcc -Wall -O0 -g3 -c -fmessage-length=0 -MT"src/user_logic/parser.o" -I../../ag_new_bsp/microblaze_0/include -mlittle-endian -mcpu=v11.0 -mxl-soft-mul -Wl,--no-relax -ffunction-sections -fdata-sections -MMD -MP -MF"src/user_logic/parser.d" -MT"src/user_logic/parser.o" -o "src/user_logic/parser.o" "../src/user_logic/parser.c"
../src/user_logic/parser.c:5:10: fatal error: core_logic/api.h: No such file or directory
 #include "core_logic/api.h"
          ^~~~~~~~~~~~~~~~~~
compilation terminated.
make: *** [src/user_logic/subdir.mk:23: src/user_logic/parser.o] Error 1
12:41:42 **** Auto Build of configuration Debug for project ag_new ****
make all 
Building file: ../src/user_logic/parser.c
Invoking: MicroBlaze gcc compiler
mb-gcc -Wall -O0 -g3 -c -fmessage-length=0 -MT"src/user_logic/parser.o" -I../../ag_new_bsp/microblaze_0/include -mlittle-endian -mcpu=v11.0 -mxl-soft-mul -Wl,--no-relax -ffunction-sections -fdata-sections -MMD -MP -MF"src/user_logic/parser.d" -MT"src/user_logic/parser.o" -o "src/user_logic/parser.o" "../src/user_logic/parser.c"
../src/user_logic/parser.c:5:10: fatal error: core_logic/api.h: No such file or directory
 #include "core_logic/api.h"
          ^~~~~~~~~~~~~~~~~~
compilation terminated.
make: *** [src/user_logic/subdir.mk:23: src/user_logic/parser.o] Error 1
12:42:42 **** Auto Build of configuration Debug for project ag_new ****
make all 
Building file: ../src/user_logic/parser.c
Invoking: MicroBlaze gcc compiler
mb-gcc -Wall -O0 -g3 -c -fmessage-length=0 -MT"src/user_logic/parser.o" -I../../ag_new_bsp/microblaze_0/include -mlittle-endian -mcpu=v11.0 -mxl-soft-mul -Wl,--no-relax -ffunction-sections -fdata-sections -MMD -MP -MF"src/user_logic/parser.d" -MT"src/user_logic/parser.o" -o "src/user_logic/parser.o" "../src/user_logic/parser.c"
../src/user_logic/parser.c:6:10: fatal error: core_logic/afe_drivers.h: No such file or directory
 #include "core_logic/afe_drivers.h"
          ^~~~~~~~~~~~~~~~~~~~~~~~~~
compilation terminated.
make: *** [src/user_logic/subdir.mk:23: src/user_logic/parser.o] Error 1
12:42:52 **** Auto Build of configuration Debug for project ag_new ****
make all 
Building file: ../src/user_logic/parser.c
Invoking: MicroBlaze gcc compiler
mb-gcc -Wall -O0 -g3 -c -fmessage-length=0 -MT"src/user_logic/parser.o" -I../../ag_new_bsp/microblaze_0/include -mlittle-endian -mcpu=v11.0 -mxl-soft-mul -Wl,--no-relax -ffunction-sections -fdata-sections -MMD -MP -MF"src/user_logic/parser.d" -MT"src/user_logic/parser.o" -o "src/user_logic/parser.o" "../src/user_logic/parser.c"
Finished building: ../src/user_logic/parser.c
 
Building file: ../src/user_logic/uart.c
Invoking: MicroBlaze gcc compiler
mb-gcc -Wall -O0 -g3 -c -fmessage-length=0 -MT"src/user_logic/uart.o" -I../../ag_new_bsp/microblaze_0/include -mlittle-endian -mcpu=v11.0 -mxl-soft-mul -Wl,--no-relax -ffunction-sections -fdata-sections -MMD -MP -MF"src/user_logic/uart.d" -MT"src/user_logic/uart.o" -o "src/user_logic/uart.o" "../src/user_logic/uart.c"
Finished building: ../src/user_logic/uart.c
 
Building file: ../src/core_logic/api.c
Invoking: MicroBlaze gcc compiler
mb-gcc -Wall -O0 -g3 -c -fmessage-length=0 -MT"src/core_logic/api.o" -I../../ag_new_bsp/microblaze_0/include -mlittle-endian -mcpu=v11.0 -mxl-soft-mul -Wl,--no-relax -ffunction-sections -fdata-sections -MMD -MP -MF"src/core_logic/api.d" -MT"src/core_logic/api.o" -o "src/core_logic/api.o" "../src/core_logic/api.c"
Finished building: ../src/core_logic/api.c
 
Building file: ../src/core_logic/executor.c
Invoking: MicroBlaze gcc compiler
mb-gcc -Wall -O0 -g3 -c -fmessage-length=0 -MT"src/core_logic/executor.o" -I../../ag_new_bsp/microblaze_0/include -mlittle-endian -mcpu=v11.0 -mxl-soft-mul -Wl,--no-relax -ffunction-sections -fdata-sections -MMD -MP -MF"src/core_logic/executor.d" -MT"src/core_logic/executor.o" -o "src/core_logic/executor.o" "../src/core_logic/executor.c"
../src/core_logic/executor.c:2:10: fatal error: axi_regs.h: No such file or directory
 #include "axi_regs.h"
          ^~~~~~~~~~~~
compilation terminated.
make: *** [src/core_logic/subdir.mk:26: src/core_logic/executor.o] Error 1
12:42:59 **** Auto Build of configuration Debug for project ag_new ****
make all 
Building file: ../src/core_logic/executor.c
Invoking: MicroBlaze gcc compiler
mb-gcc -Wall -O0 -g3 -c -fmessage-length=0 -MT"src/core_logic/executor.o" -I../../ag_new_bsp/microblaze_0/include -mlittle-endian -mcpu=v11.0 -mxl-soft-mul -Wl,--no-relax -ffunction-sections -fdata-sections -MMD -MP -MF"src/core_logic/executor.d" -MT"src/core_logic/executor.o" -o "src/core_logic/executor.o" "../src/core_logic/executor.c"
../src/core_logic/executor.c: In function 'executor_poll':
../src/core_logic/executor.c:10:22: error: 'TI_AFE_RET_EXEC_FAIL' undeclared (first use in this function)
         u16 status = TI_AFE_RET_EXEC_FAIL;
                      ^~~~~~~~~~~~~~~~~~~~
../src/core_logic/executor.c:10:22: note: each undeclared identifier is reported only once for each function it appears in
make: *** [src/core_logic/subdir.mk:26: src/core_logic/executor.o] Error 1
12:43:55 **** Auto Build of configuration Debug for project ag_new ****
make all 
Building file: ../src/core_logic/executor.c
Invoking: MicroBlaze gcc compiler
mb-gcc -Wall -O0 -g3 -c -fmessage-length=0 -MT"src/core_logic/executor.o" -I../../ag_new_bsp/microblaze_0/include -mlittle-endian -mcpu=v11.0 -mxl-soft-mul -Wl,--no-relax -ffunction-sections -fdata-sections -MMD -MP -MF"src/core_logic/executor.d" -MT"src/core_logic/executor.o" -o "src/core_logic/executor.o" "../src/core_logic/executor.c"
Finished building: ../src/core_logic/executor.c
 
Building file: ../src/main.c
Invoking: MicroBlaze gcc compiler
mb-gcc -Wall -O0 -g3 -c -fmessage-length=0 -MT"src/main.o" -I../../ag_new_bsp/microblaze_0/include -mlittle-endian -mcpu=v11.0 -mxl-soft-mul -Wl,--no-relax -ffunction-sections -fdata-sections -MMD -MP -MF"src/main.d" -MT"src/main.o" -o "src/main.o" "../src/main.c"
../src/main.c:3:10: fatal error: platform.h: No such file or directory
 #include "platform.h"
          ^~~~~~~~~~~~
compilation terminated.
make: *** [src/subdir.mk:23: src/main.o] Error 1
12:44:45 **** Auto Build of configuration Debug for project ag_new ****
make all 
Building file: ../src/main.c
Invoking: MicroBlaze gcc compiler
mb-gcc -Wall -O0 -g3 -c -fmessage-length=0 -MT"src/main.o" -I../../ag_new_bsp/microblaze_0/include -mlittle-endian -mcpu=v11.0 -mxl-soft-mul -Wl,--no-relax -ffunction-sections -fdata-sections -MMD -MP -MF"src/main.d" -MT"src/main.o" -o "src/main.o" "../src/main.c"
../src/main.c: In function 'main':
../src/main.c:83:5: warning: implicit declaration of function 'cleanup_platform' [-Wimplicit-function-declaration]
     cleanup_platform();
     ^~~~~~~~~~~~~~~~
Finished building: ../src/main.c
 
Building target: ag_new.elf
Invoking: MicroBlaze gcc linker
mb-gcc -Wl,-T -Wl,../src/lscript.ld -L../../ag_new_bsp/microblaze_0/lib -mlittle-endian -mcpu=v11.0 -mxl-soft-mul -Wl,--no-relax -Wl,--gc-sections -o "ag_new.elf"  ./src/user_logic/parser.o ./src/user_logic/uart.o  ./src/core_logic/afe_drivers.o ./src/core_logic/api.o ./src/core_logic/executor.o  ./src/main.o   -Wl,--start-group,-lxil,-lgcc,-lc,--end-group
./src/main.o: In function `main':
/home/vlsiuser/phase2/week12/week12.sdk/ag_new/Debug/../src/main.c:36: undefined reference to `uart_init'
collect2: error: ld returned 1 exit status
make: *** [makefile:40: ag_new.elf] Error 1
12:45:27 **** Auto Build of configuration Debug for project ag_new ****
make all 
Building file: ../src/user_logic/uart.c
Invoking: MicroBlaze gcc compiler
mb-gcc -Wall -O0 -g3 -c -fmessage-length=0 -MT"src/user_logic/uart.o" -I../../ag_new_bsp/microblaze_0/include -mlittle-endian -mcpu=v11.0 -mxl-soft-mul -Wl,--no-relax -ffunction-sections -fdata-sections -MMD -MP -MF"src/user_logic/uart.d" -MT"src/user_logic/uart.o" -o "src/user_logic/uart.o" "../src/user_logic/uart.c"
Finished building: ../src/user_logic/uart.c
 
Building target: ag_new.elf
Invoking: MicroBlaze gcc linker
mb-gcc -Wl,-T -Wl,../src/lscript.ld -L../../ag_new_bsp/microblaze_0/lib -mlittle-endian -mcpu=v11.0 -mxl-soft-mul -Wl,--no-relax -Wl,--gc-sections -o "ag_new.elf"  ./src/user_logic/parser.o ./src/user_logic/uart.o  ./src/core_logic/afe_drivers.o ./src/core_logic/api.o ./src/core_logic/executor.o  ./src/main.o   -Wl,--start-group,-lxil,-lgcc,-lc,--end-group
Finished building target: ag_new.elf
 
Invoking: MicroBlaze Print Size
mb-size ag_new.elf  |tee "ag_new.elf.size"
   text	   data	    bss	    dec	    hex	filename
  24872	   1404	   3252	  29528	   7358	ag_new.elf
Finished building: ag_new.elf.size
 
12:46:31 **** Incremental Build of configuration Debug for project ag_new ****
make all 
make: Nothing to be done for 'all'.
12:47:51 **** Incremental Build of configuration Debug for project ag_new ****
make all 
make: Nothing to be done for 'all'.
12:47:58 **** Incremental Build of configuration Debug for project ag_new ****
make all 
make: Nothing to be done for 'all'.
13:09:02 **** Incremental Build of configuration Debug for project ag_new ****
make all 
make: Nothing to be done for 'all'.
13:13:19 **** Incremental Build of configuration Debug for project ag_new ****
make all 
make: Nothing to be done for 'all'.
13:17:33 **** Incremental Build of configuration Debug for project ag_new ****
make all 
make: Nothing to be done for 'all'.
13:20:15 **** Incremental Build of configuration Debug for project ag_new ****
make all 
make: Nothing to be done for 'all'.
13:22:45 **** Incremental Build of configuration Debug for project ag_new ****
make all 
make: Nothing to be done for 'all'.
13:24:12 **** Incremental Build of configuration Debug for project ag_new ****
make all 
make: Nothing to be done for 'all'.
13:25:29 **** Incremental Build of configuration Debug for project ag_new ****
make all 
make: Nothing to be done for 'all'.
09:52:01 **** Build of project ag_new_bsp ****
make -k all 
Running Make include in microblaze_0/libsrc/standalone_v6_8/src
make -C microblaze_0/libsrc/standalone_v6_8/src -s include  "SHELL=/bin/sh" "COMPILER=mb-gcc" "ARCHIVER=mb-ar" "COMPILER_FLAGS=  -O2 -c -mcpu=v11.0 -mlittle-endian -mxl-soft-mul" "EXTRA_COMPILER_FLAGS=-ffunction-sections -fdata-sections -Wall -Wextra"
Running Make include in microblaze_0/libsrc/uartlite_v3_2/src
make -C microblaze_0/libsrc/uartlite_v3_2/src -s include  "SHELL=/bin/sh" "COMPILER=mb-gcc" "ARCHIVER=mb-ar" "COMPILER_FLAGS=  -O2 -c -mcpu=v11.0 -mlittle-endian -mxl-soft-mul" "EXTRA_COMPILER_FLAGS=-ffunction-sections -fdata-sections -Wall -Wextra"
Running Make include in microblaze_0/libsrc/bram_v4_2/src
make -C microblaze_0/libsrc/bram_v4_2/src -s include  "SHELL=/bin/sh" "COMPILER=mb-gcc" "ARCHIVER=mb-ar" "COMPILER_FLAGS=  -O2 -c -mcpu=v11.0 -mlittle-endian -mxl-soft-mul" "EXTRA_COMPILER_FLAGS=-ffunction-sections -fdata-sections -Wall -Wextra"
Running Make include in microblaze_0/libsrc/reg_32ip_v1_0/src
make -C microblaze_0/libsrc/reg_32ip_v1_0/src -s include  "SHELL=/bin/sh" "COMPILER=mb-gcc" "ARCHIVER=mb-ar" "COMPILER_FLAGS=  -O2 -c -mcpu=v11.0 -mlittle-endian -mxl-soft-mul" "EXTRA_COMPILER_FLAGS=-ffunction-sections -fdata-sections -Wall -Wextra"
Running Make include in microblaze_0/libsrc/cpu_v2_8/src
make -C microblaze_0/libsrc/cpu_v2_8/src -s include  "SHELL=/bin/sh" "COMPILER=mb-gcc" "ARCHIVER=mb-ar" "COMPILER_FLAGS=  -O2 -c -mcpu=v11.0 -mlittle-endian -mxl-soft-mul" "EXTRA_COMPILER_FLAGS=-ffunction-sections -fdata-sections -Wall -Wextra"
Running Make include in microblaze_0/libsrc/intc_v3_8/src
make -C microblaze_0/libsrc/intc_v3_8/src -s include  "SHELL=/bin/sh" "COMPILER=mb-gcc" "ARCHIVER=mb-ar" "COMPILER_FLAGS=  -O2 -c -mcpu=v11.0 -mlittle-endian -mxl-soft-mul" "EXTRA_COMPILER_FLAGS=-ffunction-sections -fdata-sections -Wall -Wextra"
Running Make libs in microblaze_0/libsrc/standalone_v6_8/src
make -C microblaze_0/libsrc/standalone_v6_8/src -s libs  "SHELL=/bin/sh" "COMPILER=mb-gcc" "ARCHIVER=mb-ar" "COMPILER_FLAGS=  -O2 -c -mcpu=v11.0 -mlittle-endian -mxl-soft-mul" "EXTRA_COMPILER_FLAGS=-ffunction-sections -fdata-sections -Wall -Wextra"
Compiling standalone
microblaze_sleep.c:77:9: note: #pragma message: For the sleep routines, assembly instructions are used
 #pragma message ("For the sleep routines, assembly instructions are used")
         ^~~~~~~
Running Make libs in microblaze_0/libsrc/uartlite_v3_2/src
make -C microblaze_0/libsrc/uartlite_v3_2/src -s libs  "SHELL=/bin/sh" "COMPILER=mb-gcc" "ARCHIVER=mb-ar" "COMPILER_FLAGS=  -O2 -c -mcpu=v11.0 -mlittle-endian -mxl-soft-mul" "EXTRA_COMPILER_FLAGS=-ffunction-sections -fdata-sections -Wall -Wextra"
Compiling uartlite
Running Make libs in microblaze_0/libsrc/bram_v4_2/src
make -C microblaze_0/libsrc/bram_v4_2/src -s libs  "SHELL=/bin/sh" "COMPILER=mb-gcc" "ARCHIVER=mb-ar" "COMPILER_FLAGS=  -O2 -c -mcpu=v11.0 -mlittle-endian -mxl-soft-mul" "EXTRA_COMPILER_FLAGS=-ffunction-sections -fdata-sections -Wall -Wextra"
Compiling bram
Running Make libs in microblaze_0/libsrc/reg_32ip_v1_0/src
make -C microblaze_0/libsrc/reg_32ip_v1_0/src -s libs  "SHELL=/bin/sh" "COMPILER=mb-gcc" "ARCHIVER=mb-ar" "COMPILER_FLAGS=  -O2 -c -mcpu=v11.0 -mlittle-endian -mxl-soft-mul" "EXTRA_COMPILER_FLAGS=-ffunction-sections -fdata-sections -Wall -Wextra"
Compiling reg_32ip...
reg_32ip_selftest.c: In function 'REG_32IP_Reg_SelfTest':
reg_32ip_selftest.c:52:57: warning: comparison between signed and unsigned integer expressions [-Wsign-compare]
    if ( REG_32IP_mReadReg (baseaddr, read_loop_index*4) != (read_loop_index+1)*READ_WRITE_MUL_FACTOR){
                                                         ^~
reg_32ip_selftest.c:36:6: warning: unused variable 'Index' [-Wunused-variable]
  int Index;
      ^~~~~
Running Make libs in microblaze_0/libsrc/cpu_v2_8/src
make -C microblaze_0/libsrc/cpu_v2_8/src -s libs  "SHELL=/bin/sh" "COMPILER=mb-gcc" "ARCHIVER=mb-ar" "COMPILER_FLAGS=  -O2 -c -mcpu=v11.0 -mlittle-endian -mxl-soft-mul" "EXTRA_COMPILER_FLAGS=-ffunction-sections -fdata-sections -Wall -Wextra"
Compiling cpu
Running Make libs in microblaze_0/libsrc/intc_v3_8/src
make -C microblaze_0/libsrc/intc_v3_8/src -s libs  "SHELL=/bin/sh" "COMPILER=mb-gcc" "ARCHIVER=mb-ar" "COMPILER_FLAGS=  -O2 -c -mcpu=v11.0 -mlittle-endian -mxl-soft-mul" "EXTRA_COMPILER_FLAGS=-ffunction-sections -fdata-sections -Wall -Wextra"
Compiling intc
Finished building libraries
09:52:02 **** Build of configuration Debug for project ag_new ****
make all 
Building file: ../src/user_logic/parser.c
Invoking: MicroBlaze gcc compiler
mb-gcc -Wall -O0 -g3 -c -fmessage-length=0 -MT"src/user_logic/parser.o" -I../../ag_new_bsp/microblaze_0/include -mlittle-endian -mcpu=v11.0 -mxl-soft-mul -Wl,--no-relax -ffunction-sections -fdata-sections -MMD -MP -MF"src/user_logic/parser.d" -MT"src/user_logic/parser.o" -o "src/user_logic/parser.o" "../src/user_logic/parser.c"
Finished building: ../src/user_logic/parser.c
 
Building file: ../src/user_logic/uart.c
Invoking: MicroBlaze gcc compiler
mb-gcc -Wall -O0 -g3 -c -fmessage-length=0 -MT"src/user_logic/uart.o" -I../../ag_new_bsp/microblaze_0/include -mlittle-endian -mcpu=v11.0 -mxl-soft-mul -Wl,--no-relax -ffunction-sections -fdata-sections -MMD -MP -MF"src/user_logic/uart.d" -MT"src/user_logic/uart.o" -o "src/user_logic/uart.o" "../src/user_logic/uart.c"
Finished building: ../src/user_logic/uart.c
 
Building file: ../src/core_logic/afe_drivers.c
Invoking: MicroBlaze gcc compiler
mb-gcc -Wall -O0 -g3 -c -fmessage-length=0 -MT"src/core_logic/afe_drivers.o" -I../../ag_new_bsp/microblaze_0/include -mlittle-endian -mcpu=v11.0 -mxl-soft-mul -Wl,--no-relax -ffunction-sections -fdata-sections -MMD -MP -MF"src/core_logic/afe_drivers.d" -MT"src/core_logic/afe_drivers.o" -o "src/core_logic/afe_drivers.o" "../src/core_logic/afe_drivers.c"
Finished building: ../src/core_logic/afe_drivers.c
 
Building file: ../src/core_logic/api.c
Invoking: MicroBlaze gcc compiler
mb-gcc -Wall -O0 -g3 -c -fmessage-length=0 -MT"src/core_logic/api.o" -I../../ag_new_bsp/microblaze_0/include -mlittle-endian -mcpu=v11.0 -mxl-soft-mul -Wl,--no-relax -ffunction-sections -fdata-sections -MMD -MP -MF"src/core_logic/api.d" -MT"src/core_logic/api.o" -o "src/core_logic/api.o" "../src/core_logic/api.c"
Finished building: ../src/core_logic/api.c
 
Building file: ../src/core_logic/executor.c
Invoking: MicroBlaze gcc compiler
mb-gcc -Wall -O0 -g3 -c -fmessage-length=0 -MT"src/core_logic/executor.o" -I../../ag_new_bsp/microblaze_0/include -mlittle-endian -mcpu=v11.0 -mxl-soft-mul -Wl,--no-relax -ffunction-sections -fdata-sections -MMD -MP -MF"src/core_logic/executor.d" -MT"src/core_logic/executor.o" -o "src/core_logic/executor.o" "../src/core_logic/executor.c"
Finished building: ../src/core_logic/executor.c
 
Building file: ../src/main.c
Invoking: MicroBlaze gcc compiler
mb-gcc -Wall -O0 -g3 -c -fmessage-length=0 -MT"src/main.o" -I../../ag_new_bsp/microblaze_0/include -mlittle-endian -mcpu=v11.0 -mxl-soft-mul -Wl,--no-relax -ffunction-sections -fdata-sections -MMD -MP -MF"src/main.d" -MT"src/main.o" -o "src/main.o" "../src/main.c"
../src/main.c: In function 'main':
../src/main.c:83:5: warning: implicit declaration of function 'cleanup_platform' [-Wimplicit-function-declaration]
     cleanup_platform();
     ^~~~~~~~~~~~~~~~
Finished building: ../src/main.c
 
Building target: ag_new.elf
Invoking: MicroBlaze gcc linker
mb-gcc -Wl,-T -Wl,../src/lscript.ld -L../../ag_new_bsp/microblaze_0/lib -mlittle-endian -mcpu=v11.0 -mxl-soft-mul -Wl,--no-relax -Wl,--gc-sections -o "ag_new.elf"  ./src/user_logic/parser.o ./src/user_logic/uart.o  ./src/core_logic/afe_drivers.o ./src/core_logic/api.o ./src/core_logic/executor.o  ./src/main.o   -Wl,--start-group,-lxil,-lgcc,-lc,--end-group
Finished building target: ag_new.elf
 
Invoking: MicroBlaze Print Size
mb-size ag_new.elf  |tee "ag_new.elf.size"
   text	   data	    bss	    dec	    hex	filename
  24872	   1404	   3252	  29528	   7358	ag_new.elf
Finished building: ag_new.elf.size
 
09:52:02 **** Build of project app12_bsp ****
make -k all 
Running Make include in microblaze_0/libsrc/standalone_v6_8/src
make -C microblaze_0/libsrc/standalone_v6_8/src -s include  "SHELL=/bin/sh" "COMPILER=mb-gcc" "ARCHIVER=mb-ar" "COMPILER_FLAGS=  -O2 -c -mcpu=v11.0 -mlittle-endian -mxl-soft-mul" "EXTRA_COMPILER_FLAGS=-ffunction-sections -fdata-sections -Wall -Wextra"
Running Make include in microblaze_0/libsrc/uartlite_v3_2/src
make -C microblaze_0/libsrc/uartlite_v3_2/src -s include  "SHELL=/bin/sh" "COMPILER=mb-gcc" "ARCHIVER=mb-ar" "COMPILER_FLAGS=  -O2 -c -mcpu=v11.0 -mlittle-endian -mxl-soft-mul" "EXTRA_COMPILER_FLAGS=-ffunction-sections -fdata-sections -Wall -Wextra"
Running Make include in microblaze_0/libsrc/bram_v4_2/src
make -C microblaze_0/libsrc/bram_v4_2/src -s include  "SHELL=/bin/sh" "COMPILER=mb-gcc" "ARCHIVER=mb-ar" "COMPILER_FLAGS=  -O2 -c -mcpu=v11.0 -mlittle-endian -mxl-soft-mul" "EXTRA_COMPILER_FLAGS=-ffunction-sections -fdata-sections -Wall -Wextra"
Running Make include in microblaze_0/libsrc/reg_32ip_v1_0/src
make -C microblaze_0/libsrc/reg_32ip_v1_0/src -s include  "SHELL=/bin/sh" "COMPILER=mb-gcc" "ARCHIVER=mb-ar" "COMPILER_FLAGS=  -O2 -c -mcpu=v11.0 -mlittle-endian -mxl-soft-mul" "EXTRA_COMPILER_FLAGS=-ffunction-sections -fdata-sections -Wall -Wextra"
Running Make include in microblaze_0/libsrc/cpu_v2_8/src
make -C microblaze_0/libsrc/cpu_v2_8/src -s include  "SHELL=/bin/sh" "COMPILER=mb-gcc" "ARCHIVER=mb-ar" "COMPILER_FLAGS=  -O2 -c -mcpu=v11.0 -mlittle-endian -mxl-soft-mul" "EXTRA_COMPILER_FLAGS=-ffunction-sections -fdata-sections -Wall -Wextra"
Running Make include in microblaze_0/libsrc/intc_v3_8/src
make -C microblaze_0/libsrc/intc_v3_8/src -s include  "SHELL=/bin/sh" "COMPILER=mb-gcc" "ARCHIVER=mb-ar" "COMPILER_FLAGS=  -O2 -c -mcpu=v11.0 -mlittle-endian -mxl-soft-mul" "EXTRA_COMPILER_FLAGS=-ffunction-sections -fdata-sections -Wall -Wextra"
Running Make libs in microblaze_0/libsrc/standalone_v6_8/src
make -C microblaze_0/libsrc/standalone_v6_8/src -s libs  "SHELL=/bin/sh" "COMPILER=mb-gcc" "ARCHIVER=mb-ar" "COMPILER_FLAGS=  -O2 -c -mcpu=v11.0 -mlittle-endian -mxl-soft-mul" "EXTRA_COMPILER_FLAGS=-ffunction-sections -fdata-sections -Wall -Wextra"
Compiling standalone
microblaze_sleep.c:77:9: note: #pragma message: For the sleep routines, assembly instructions are used
 #pragma message ("For the sleep routines, assembly instructions are used")
         ^~~~~~~
Running Make libs in microblaze_0/libsrc/uartlite_v3_2/src
make -C microblaze_0/libsrc/uartlite_v3_2/src -s libs  "SHELL=/bin/sh" "COMPILER=mb-gcc" "ARCHIVER=mb-ar" "COMPILER_FLAGS=  -O2 -c -mcpu=v11.0 -mlittle-endian -mxl-soft-mul" "EXTRA_COMPILER_FLAGS=-ffunction-sections -fdata-sections -Wall -Wextra"
Compiling uartlite
Running Make libs in microblaze_0/libsrc/bram_v4_2/src
make -C microblaze_0/libsrc/bram_v4_2/src -s libs  "SHELL=/bin/sh" "COMPILER=mb-gcc" "ARCHIVER=mb-ar" "COMPILER_FLAGS=  -O2 -c -mcpu=v11.0 -mlittle-endian -mxl-soft-mul" "EXTRA_COMPILER_FLAGS=-ffunction-sections -fdata-sections -Wall -Wextra"
Compiling bram
Running Make libs in microblaze_0/libsrc/reg_32ip_v1_0/src
make -C microblaze_0/libsrc/reg_32ip_v1_0/src -s libs  "SHELL=/bin/sh" "COMPILER=mb-gcc" "ARCHIVER=mb-ar" "COMPILER_FLAGS=  -O2 -c -mcpu=v11.0 -mlittle-endian -mxl-soft-mul" "EXTRA_COMPILER_FLAGS=-ffunction-sections -fdata-sections -Wall -Wextra"
Compiling reg_32ip...
reg_32ip_selftest.c: In function 'REG_32IP_Reg_SelfTest':
reg_32ip_selftest.c:52:57: warning: comparison between signed and unsigned integer expressions [-Wsign-compare]
    if ( REG_32IP_mReadReg (baseaddr, read_loop_index*4) != (read_loop_index+1)*READ_WRITE_MUL_FACTOR){
                                                         ^~
reg_32ip_selftest.c:36:6: warning: unused variable 'Index' [-Wunused-variable]
  int Index;
      ^~~~~
Running Make libs in microblaze_0/libsrc/cpu_v2_8/src
make -C microblaze_0/libsrc/cpu_v2_8/src -s libs  "SHELL=/bin/sh" "COMPILER=mb-gcc" "ARCHIVER=mb-ar" "COMPILER_FLAGS=  -O2 -c -mcpu=v11.0 -mlittle-endian -mxl-soft-mul" "EXTRA_COMPILER_FLAGS=-ffunction-sections -fdata-sections -Wall -Wextra"
Compiling cpu
Running Make libs in microblaze_0/libsrc/intc_v3_8/src
make -C microblaze_0/libsrc/intc_v3_8/src -s libs  "SHELL=/bin/sh" "COMPILER=mb-gcc" "ARCHIVER=mb-ar" "COMPILER_FLAGS=  -O2 -c -mcpu=v11.0 -mlittle-endian -mxl-soft-mul" "EXTRA_COMPILER_FLAGS=-ffunction-sections -fdata-sections -Wall -Wextra"
Compiling intc
Finished building libraries
09:52:03 **** Build of configuration Debug for project app12 ****
make all 
Building file: ../src/user_logic/uart_driver.c
Invoking: MicroBlaze gcc compiler
mb-gcc -Wall -O0 -g3 -c -fmessage-length=0 -MT"src/user_logic/uart_driver.o" -I../../app12_bsp/microblaze_0/include -mlittle-endian -mcpu=v11.0 -mxl-soft-mul -Wl,--no-relax -ffunction-sections -fdata-sections -MMD -MP -MF"src/user_logic/uart_driver.d" -MT"src/user_logic/uart_driver.o" -o "src/user_logic/uart_driver.o" "../src/user_logic/uart_driver.c"
Finished building: ../src/user_logic/uart_driver.c
 
Building file: ../src/user_logic/uart_parser.c
Invoking: MicroBlaze gcc compiler
mb-gcc -Wall -O0 -g3 -c -fmessage-length=0 -MT"src/user_logic/uart_parser.o" -I../../app12_bsp/microblaze_0/include -mlittle-endian -mcpu=v11.0 -mxl-soft-mul -Wl,--no-relax -ffunction-sections -fdata-sections -MMD -MP -MF"src/user_logic/uart_parser.d" -MT"src/user_logic/uart_parser.o" -o "src/user_logic/uart_parser.o" "../src/user_logic/uart_parser.c"
Finished building: ../src/user_logic/uart_parser.c
 
Building file: ../src/core_logic/demapper.c
Invoking: MicroBlaze gcc compiler
mb-gcc -Wall -O0 -g3 -c -fmessage-length=0 -MT"src/core_logic/demapper.o" -I../../app12_bsp/microblaze_0/include -mlittle-endian -mcpu=v11.0 -mxl-soft-mul -Wl,--no-relax -ffunction-sections -fdata-sections -MMD -MP -MF"src/core_logic/demapper.d" -MT"src/core_logic/demapper.o" -o "src/core_logic/demapper.o" "../src/core_logic/demapper.c"
Finished building: ../src/core_logic/demapper.c
 
Building file: ../src/core_logic/wrapper_fns.c
Invoking: MicroBlaze gcc compiler
mb-gcc -Wall -O0 -g3 -c -fmessage-length=0 -MT"src/core_logic/wrapper_fns.o" -I../../app12_bsp/microblaze_0/include -mlittle-endian -mcpu=v11.0 -mxl-soft-mul -Wl,--no-relax -ffunction-sections -fdata-sections -MMD -MP -MF"src/core_logic/wrapper_fns.d" -MT"src/core_logic/wrapper_fns.o" -o "src/core_logic/wrapper_fns.o" "../src/core_logic/wrapper_fns.c"
Finished building: ../src/core_logic/wrapper_fns.c
 
Building file: ../src/main.c
Invoking: MicroBlaze gcc compiler
mb-gcc -Wall -O0 -g3 -c -fmessage-length=0 -MT"src/main.o" -I../../app12_bsp/microblaze_0/include -mlittle-endian -mcpu=v11.0 -mxl-soft-mul -Wl,--no-relax -ffunction-sections -fdata-sections -MMD -MP -MF"src/main.d" -MT"src/main.o" -o "src/main.o" "../src/main.c"
Finished building: ../src/main.c
 
Building target: app12.elf
Invoking: MicroBlaze gcc linker
mb-gcc -Wl,-T -Wl,../src/lscript.ld -L../../app12_bsp/microblaze_0/lib -mlittle-endian -mcpu=v11.0 -mxl-soft-mul -Wl,--no-relax -Wl,--gc-sections -o "app12.elf"  ./src/user_logic/uart_driver.o ./src/user_logic/uart_parser.o  ./src/core_logic/demapper.o ./src/core_logic/wrapper_fns.o  ./src/api.o ./src/main.o   -Wl,--start-group,-lxil,-lgcc,-lc,--end-group
Finished building target: app12.elf
 
Invoking: MicroBlaze Print Size
mb-size app12.elf  |tee "app12.elf.size"
   text	   data	    bss	    dec	    hex	filename
 108632	   2900	   3268	 114800	  1c070	app12.elf
Finished building: app12.elf.size
 
09:52:03 **** Build of project app135_bsp ****
make -k all 
Running Make include in microblaze_0/libsrc/standalone_v6_8/src
make -C microblaze_0/libsrc/standalone_v6_8/src -s include  "SHELL=/bin/sh" "COMPILER=mb-gcc" "ARCHIVER=mb-ar" "COMPILER_FLAGS=  -O2 -c -mcpu=v11.0 -mlittle-endian -mxl-soft-mul" "EXTRA_COMPILER_FLAGS=-ffunction-sections -fdata-sections -Wall -Wextra"
Running Make include in microblaze_0/libsrc/uartlite_v3_2/src
make -C microblaze_0/libsrc/uartlite_v3_2/src -s include  "SHELL=/bin/sh" "COMPILER=mb-gcc" "ARCHIVER=mb-ar" "COMPILER_FLAGS=  -O2 -c -mcpu=v11.0 -mlittle-endian -mxl-soft-mul" "EXTRA_COMPILER_FLAGS=-ffunction-sections -fdata-sections -Wall -Wextra"
Running Make include in microblaze_0/libsrc/bram_v4_2/src
make -C microblaze_0/libsrc/bram_v4_2/src -s include  "SHELL=/bin/sh" "COMPILER=mb-gcc" "ARCHIVER=mb-ar" "COMPILER_FLAGS=  -O2 -c -mcpu=v11.0 -mlittle-endian -mxl-soft-mul" "EXTRA_COMPILER_FLAGS=-ffunction-sections -fdata-sections -Wall -Wextra"
Running Make include in microblaze_0/libsrc/reg_32ip_v1_0/src
make -C microblaze_0/libsrc/reg_32ip_v1_0/src -s include  "SHELL=/bin/sh" "COMPILER=mb-gcc" "ARCHIVER=mb-ar" "COMPILER_FLAGS=  -O2 -c -mcpu=v11.0 -mlittle-endian -mxl-soft-mul" "EXTRA_COMPILER_FLAGS=-ffunction-sections -fdata-sections -Wall -Wextra"
Running Make include in microblaze_0/libsrc/cpu_v2_8/src
make -C microblaze_0/libsrc/cpu_v2_8/src -s include  "SHELL=/bin/sh" "COMPILER=mb-gcc" "ARCHIVER=mb-ar" "COMPILER_FLAGS=  -O2 -c -mcpu=v11.0 -mlittle-endian -mxl-soft-mul" "EXTRA_COMPILER_FLAGS=-ffunction-sections -fdata-sections -Wall -Wextra"
Running Make include in microblaze_0/libsrc/intc_v3_8/src
make -C microblaze_0/libsrc/intc_v3_8/src -s include  "SHELL=/bin/sh" "COMPILER=mb-gcc" "ARCHIVER=mb-ar" "COMPILER_FLAGS=  -O2 -c -mcpu=v11.0 -mlittle-endian -mxl-soft-mul" "EXTRA_COMPILER_FLAGS=-ffunction-sections -fdata-sections -Wall -Wextra"
Running Make libs in microblaze_0/libsrc/standalone_v6_8/src
make -C microblaze_0/libsrc/standalone_v6_8/src -s libs  "SHELL=/bin/sh" "COMPILER=mb-gcc" "ARCHIVER=mb-ar" "COMPILER_FLAGS=  -O2 -c -mcpu=v11.0 -mlittle-endian -mxl-soft-mul" "EXTRA_COMPILER_FLAGS=-ffunction-sections -fdata-sections -Wall -Wextra"
Compiling standalone
microblaze_sleep.c:77:9: note: #pragma message: For the sleep routines, assembly instructions are used
 #pragma message ("For the sleep routines, assembly instructions are used")
         ^~~~~~~
mb-ar: creating ../../../lib/libxil.a
Running Make libs in microblaze_0/libsrc/uartlite_v3_2/src
make -C microblaze_0/libsrc/uartlite_v3_2/src -s libs  "SHELL=/bin/sh" "COMPILER=mb-gcc" "ARCHIVER=mb-ar" "COMPILER_FLAGS=  -O2 -c -mcpu=v11.0 -mlittle-endian -mxl-soft-mul" "EXTRA_COMPILER_FLAGS=-ffunction-sections -fdata-sections -Wall -Wextra"
Compiling uartlite
Running Make libs in microblaze_0/libsrc/bram_v4_2/src
make -C microblaze_0/libsrc/bram_v4_2/src -s libs  "SHELL=/bin/sh" "COMPILER=mb-gcc" "ARCHIVER=mb-ar" "COMPILER_FLAGS=  -O2 -c -mcpu=v11.0 -mlittle-endian -mxl-soft-mul" "EXTRA_COMPILER_FLAGS=-ffunction-sections -fdata-sections -Wall -Wextra"
Compiling bram
Running Make libs in microblaze_0/libsrc/reg_32ip_v1_0/src
make -C microblaze_0/libsrc/reg_32ip_v1_0/src -s libs  "SHELL=/bin/sh" "COMPILER=mb-gcc" "ARCHIVER=mb-ar" "COMPILER_FLAGS=  -O2 -c -mcpu=v11.0 -mlittle-endian -mxl-soft-mul" "EXTRA_COMPILER_FLAGS=-ffunction-sections -fdata-sections -Wall -Wextra"
Compiling reg_32ip...
reg_32ip_selftest.c: In function 'REG_32IP_Reg_SelfTest':
reg_32ip_selftest.c:52:57: warning: comparison between signed and unsigned integer expressions [-Wsign-compare]
    if ( REG_32IP_mReadReg (baseaddr, read_loop_index*4) != (read_loop_index+1)*READ_WRITE_MUL_FACTOR){
                                                         ^~
reg_32ip_selftest.c:36:6: warning: unused variable 'Index' [-Wunused-variable]
  int Index;
      ^~~~~
Running Make libs in microblaze_0/libsrc/cpu_v2_8/src
make -C microblaze_0/libsrc/cpu_v2_8/src -s libs  "SHELL=/bin/sh" "COMPILER=mb-gcc" "ARCHIVER=mb-ar" "COMPILER_FLAGS=  -O2 -c -mcpu=v11.0 -mlittle-endian -mxl-soft-mul" "EXTRA_COMPILER_FLAGS=-ffunction-sections -fdata-sections -Wall -Wextra"
Compiling cpu
Running Make libs in microblaze_0/libsrc/intc_v3_8/src
make -C microblaze_0/libsrc/intc_v3_8/src -s libs  "SHELL=/bin/sh" "COMPILER=mb-gcc" "ARCHIVER=mb-ar" "COMPILER_FLAGS=  -O2 -c -mcpu=v11.0 -mlittle-endian -mxl-soft-mul" "EXTRA_COMPILER_FLAGS=-ffunction-sections -fdata-sections -Wall -Wextra"
Compiling intc
Finished building libraries

**** Build of configuration Debug for project app135 ****

Nothing to build for project app135
09:52:04 **** Build of project ga2_bsp ****
make -k all 
Running Make include in microblaze_0/libsrc/standalone_v6_8/src
make -C microblaze_0/libsrc/standalone_v6_8/src -s include  "SHELL=/bin/sh" "COMPILER=mb-gcc" "ARCHIVER=mb-ar" "COMPILER_FLAGS=  -O2 -c -mcpu=v11.0 -mlittle-endian -mxl-soft-mul" "EXTRA_COMPILER_FLAGS=-ffunction-sections -fdata-sections -Wall -Wextra"
Running Make include in microblaze_0/libsrc/uartlite_v3_2/src
make -C microblaze_0/libsrc/uartlite_v3_2/src -s include  "SHELL=/bin/sh" "COMPILER=mb-gcc" "ARCHIVER=mb-ar" "COMPILER_FLAGS=  -O2 -c -mcpu=v11.0 -mlittle-endian -mxl-soft-mul" "EXTRA_COMPILER_FLAGS=-ffunction-sections -fdata-sections -Wall -Wextra"
Running Make include in microblaze_0/libsrc/bram_v4_2/src
make -C microblaze_0/libsrc/bram_v4_2/src -s include  "SHELL=/bin/sh" "COMPILER=mb-gcc" "ARCHIVER=mb-ar" "COMPILER_FLAGS=  -O2 -c -mcpu=v11.0 -mlittle-endian -mxl-soft-mul" "EXTRA_COMPILER_FLAGS=-ffunction-sections -fdata-sections -Wall -Wextra"
Running Make include in microblaze_0/libsrc/reg_32ip_v1_0/src
make -C microblaze_0/libsrc/reg_32ip_v1_0/src -s include  "SHELL=/bin/sh" "COMPILER=mb-gcc" "ARCHIVER=mb-ar" "COMPILER_FLAGS=  -O2 -c -mcpu=v11.0 -mlittle-endian -mxl-soft-mul" "EXTRA_COMPILER_FLAGS=-ffunction-sections -fdata-sections -Wall -Wextra"
Running Make include in microblaze_0/libsrc/cpu_v2_8/src
make -C microblaze_0/libsrc/cpu_v2_8/src -s include  "SHELL=/bin/sh" "COMPILER=mb-gcc" "ARCHIVER=mb-ar" "COMPILER_FLAGS=  -O2 -c -mcpu=v11.0 -mlittle-endian -mxl-soft-mul" "EXTRA_COMPILER_FLAGS=-ffunction-sections -fdata-sections -Wall -Wextra"
Running Make include in microblaze_0/libsrc/intc_v3_8/src
make -C microblaze_0/libsrc/intc_v3_8/src -s include  "SHELL=/bin/sh" "COMPILER=mb-gcc" "ARCHIVER=mb-ar" "COMPILER_FLAGS=  -O2 -c -mcpu=v11.0 -mlittle-endian -mxl-soft-mul" "EXTRA_COMPILER_FLAGS=-ffunction-sections -fdata-sections -Wall -Wextra"
Running Make libs in microblaze_0/libsrc/standalone_v6_8/src
make -C microblaze_0/libsrc/standalone_v6_8/src -s libs  "SHELL=/bin/sh" "COMPILER=mb-gcc" "ARCHIVER=mb-ar" "COMPILER_FLAGS=  -O2 -c -mcpu=v11.0 -mlittle-endian -mxl-soft-mul" "EXTRA_COMPILER_FLAGS=-ffunction-sections -fdata-sections -Wall -Wextra"
Compiling standalone
microblaze_sleep.c:77:9: note: #pragma message: For the sleep routines, assembly instructions are used
 #pragma message ("For the sleep routines, assembly instructions are used")
         ^~~~~~~
Running Make libs in microblaze_0/libsrc/uartlite_v3_2/src
make -C microblaze_0/libsrc/uartlite_v3_2/src -s libs  "SHELL=/bin/sh" "COMPILER=mb-gcc" "ARCHIVER=mb-ar" "COMPILER_FLAGS=  -O2 -c -mcpu=v11.0 -mlittle-endian -mxl-soft-mul" "EXTRA_COMPILER_FLAGS=-ffunction-sections -fdata-sections -Wall -Wextra"
Compiling uartlite
Running Make libs in microblaze_0/libsrc/bram_v4_2/src
make -C microblaze_0/libsrc/bram_v4_2/src -s libs  "SHELL=/bin/sh" "COMPILER=mb-gcc" "ARCHIVER=mb-ar" "COMPILER_FLAGS=  -O2 -c -mcpu=v11.0 -mlittle-endian -mxl-soft-mul" "EXTRA_COMPILER_FLAGS=-ffunction-sections -fdata-sections -Wall -Wextra"
Compiling bram
Running Make libs in microblaze_0/libsrc/reg_32ip_v1_0/src
make -C microblaze_0/libsrc/reg_32ip_v1_0/src -s libs  "SHELL=/bin/sh" "COMPILER=mb-gcc" "ARCHIVER=mb-ar" "COMPILER_FLAGS=  -O2 -c -mcpu=v11.0 -mlittle-endian -mxl-soft-mul" "EXTRA_COMPILER_FLAGS=-ffunction-sections -fdata-sections -Wall -Wextra"
Compiling reg_32ip...
reg_32ip_selftest.c: In function 'REG_32IP_Reg_SelfTest':
reg_32ip_selftest.c:52:57: warning: comparison between signed and unsigned integer expressions [-Wsign-compare]
    if ( REG_32IP_mReadReg (baseaddr, read_loop_index*4) != (read_loop_index+1)*READ_WRITE_MUL_FACTOR){
                                                         ^~
reg_32ip_selftest.c:36:6: warning: unused variable 'Index' [-Wunused-variable]
  int Index;
      ^~~~~
Running Make libs in microblaze_0/libsrc/cpu_v2_8/src
make -C microblaze_0/libsrc/cpu_v2_8/src -s libs  "SHELL=/bin/sh" "COMPILER=mb-gcc" "ARCHIVER=mb-ar" "COMPILER_FLAGS=  -O2 -c -mcpu=v11.0 -mlittle-endian -mxl-soft-mul" "EXTRA_COMPILER_FLAGS=-ffunction-sections -fdata-sections -Wall -Wextra"
Compiling cpu
Running Make libs in microblaze_0/libsrc/intc_v3_8/src
make -C microblaze_0/libsrc/intc_v3_8/src -s libs  "SHELL=/bin/sh" "COMPILER=mb-gcc" "ARCHIVER=mb-ar" "COMPILER_FLAGS=  -O2 -c -mcpu=v11.0 -mlittle-endian -mxl-soft-mul" "EXTRA_COMPILER_FLAGS=-ffunction-sections -fdata-sections -Wall -Wextra"
Compiling intc
Finished building libraries
09:52:05 **** Build of configuration Debug for project ga2 ****
make all 
Building file: ../src/userlogic/parser.c
Invoking: MicroBlaze gcc compiler
mb-gcc -Wall -O0 -g3 -c -fmessage-length=0 -MT"src/userlogic/parser.o" -I../../ga2_bsp/microblaze_0/include -mlittle-endian -mcpu=v11.0 -mxl-soft-mul -Wl,--no-relax -ffunction-sections -fdata-sections -MMD -MP -MF"src/userlogic/parser.d" -MT"src/userlogic/parser.o" -o "src/userlogic/parser.o" "../src/userlogic/parser.c"
Finished building: ../src/userlogic/parser.c
 
Building file: ../src/userlogic/uart.c
Invoking: MicroBlaze gcc compiler
mb-gcc -Wall -O0 -g3 -c -fmessage-length=0 -MT"src/userlogic/uart.o" -I../../ga2_bsp/microblaze_0/include -mlittle-endian -mcpu=v11.0 -mxl-soft-mul -Wl,--no-relax -ffunction-sections -fdata-sections -MMD -MP -MF"src/userlogic/uart.d" -MT"src/userlogic/uart.o" -o "src/userlogic/uart.o" "../src/userlogic/uart.c"
Finished building: ../src/userlogic/uart.c
 
Building file: ../src/corelogic/api.c
Invoking: MicroBlaze gcc compiler
mb-gcc -Wall -O0 -g3 -c -fmessage-length=0 -MT"src/corelogic/api.o" -I../../ga2_bsp/microblaze_0/include -mlittle-endian -mcpu=v11.0 -mxl-soft-mul -Wl,--no-relax -ffunction-sections -fdata-sections -MMD -MP -MF"src/corelogic/api.d" -MT"src/corelogic/api.o" -o "src/corelogic/api.o" "../src/corelogic/api.c"
Finished building: ../src/corelogic/api.c
 
Building file: ../src/corelogic/executor.c
Invoking: MicroBlaze gcc compiler
mb-gcc -Wall -O0 -g3 -c -fmessage-length=0 -MT"src/corelogic/executor.o" -I../../ga2_bsp/microblaze_0/include -mlittle-endian -mcpu=v11.0 -mxl-soft-mul -Wl,--no-relax -ffunction-sections -fdata-sections -MMD -MP -MF"src/corelogic/executor.d" -MT"src/corelogic/executor.o" -o "src/corelogic/executor.o" "../src/corelogic/executor.c"
Finished building: ../src/corelogic/executor.c
 
Building file: ../src/main.c
Invoking: MicroBlaze gcc compiler
mb-gcc -Wall -O0 -g3 -c -fmessage-length=0 -MT"src/main.o" -I../../ga2_bsp/microblaze_0/include -mlittle-endian -mcpu=v11.0 -mxl-soft-mul -Wl,--no-relax -ffunction-sections -fdata-sections -MMD -MP -MF"src/main.d" -MT"src/main.o" -o "src/main.o" "../src/main.c"
Finished building: ../src/main.c
 
Building target: ga2.elf
Invoking: MicroBlaze gcc linker
mb-gcc -Wl,-T -Wl,../src/lscript.ld -L../../ga2_bsp/microblaze_0/lib -mlittle-endian -mcpu=v11.0 -mxl-soft-mul -Wl,--no-relax -Wl,--gc-sections -o "ga2.elf"  ./src/userlogic/parser.o ./src/userlogic/uart.o  ./src/corelogic/api.o ./src/corelogic/executor.o  ./src/main.o   -Wl,--start-group,-lxil,-lgcc,-lc,--end-group
Finished building target: ga2.elf
 
Invoking: MicroBlaze Print Size
mb-size ga2.elf  |tee "ga2.elf.size"
   text	   data	    bss	    dec	    hex	filename
  21740	   1392	   4276	  27408	   6b10	ga2.elf
Finished building: ga2.elf.size
 
09:52:05 **** Build of project gapp_bsp ****
make -k all 
Running Make include in microblaze_0/libsrc/standalone_v6_8/src
make -C microblaze_0/libsrc/standalone_v6_8/src -s include  "SHELL=/bin/sh" "COMPILER=mb-gcc" "ARCHIVER=mb-ar" "COMPILER_FLAGS=  -O2 -c -mcpu=v11.0 -mlittle-endian -mxl-soft-mul" "EXTRA_COMPILER_FLAGS=-ffunction-sections -fdata-sections -Wall -Wextra"
Running Make include in microblaze_0/libsrc/uartlite_v3_2/src
make -C microblaze_0/libsrc/uartlite_v3_2/src -s include  "SHELL=/bin/sh" "COMPILER=mb-gcc" "ARCHIVER=mb-ar" "COMPILER_FLAGS=  -O2 -c -mcpu=v11.0 -mlittle-endian -mxl-soft-mul" "EXTRA_COMPILER_FLAGS=-ffunction-sections -fdata-sections -Wall -Wextra"
Running Make include in microblaze_0/libsrc/bram_v4_2/src
make -C microblaze_0/libsrc/bram_v4_2/src -s include  "SHELL=/bin/sh" "COMPILER=mb-gcc" "ARCHIVER=mb-ar" "COMPILER_FLAGS=  -O2 -c -mcpu=v11.0 -mlittle-endian -mxl-soft-mul" "EXTRA_COMPILER_FLAGS=-ffunction-sections -fdata-sections -Wall -Wextra"
Running Make include in microblaze_0/libsrc/reg_32ip_v1_0/src
make -C microblaze_0/libsrc/reg_32ip_v1_0/src -s include  "SHELL=/bin/sh" "COMPILER=mb-gcc" "ARCHIVER=mb-ar" "COMPILER_FLAGS=  -O2 -c -mcpu=v11.0 -mlittle-endian -mxl-soft-mul" "EXTRA_COMPILER_FLAGS=-ffunction-sections -fdata-sections -Wall -Wextra"
Running Make include in microblaze_0/libsrc/cpu_v2_8/src
make -C microblaze_0/libsrc/cpu_v2_8/src -s include  "SHELL=/bin/sh" "COMPILER=mb-gcc" "ARCHIVER=mb-ar" "COMPILER_FLAGS=  -O2 -c -mcpu=v11.0 -mlittle-endian -mxl-soft-mul" "EXTRA_COMPILER_FLAGS=-ffunction-sections -fdata-sections -Wall -Wextra"
Running Make include in microblaze_0/libsrc/intc_v3_8/src
make -C microblaze_0/libsrc/intc_v3_8/src -s include  "SHELL=/bin/sh" "COMPILER=mb-gcc" "ARCHIVER=mb-ar" "COMPILER_FLAGS=  -O2 -c -mcpu=v11.0 -mlittle-endian -mxl-soft-mul" "EXTRA_COMPILER_FLAGS=-ffunction-sections -fdata-sections -Wall -Wextra"
Running Make libs in microblaze_0/libsrc/standalone_v6_8/src
make -C microblaze_0/libsrc/standalone_v6_8/src -s libs  "SHELL=/bin/sh" "COMPILER=mb-gcc" "ARCHIVER=mb-ar" "COMPILER_FLAGS=  -O2 -c -mcpu=v11.0 -mlittle-endian -mxl-soft-mul" "EXTRA_COMPILER_FLAGS=-ffunction-sections -fdata-sections -Wall -Wextra"
Compiling standalone
microblaze_sleep.c:77:9: note: #pragma message: For the sleep routines, assembly instructions are used
 #pragma message ("For the sleep routines, assembly instructions are used")
         ^~~~~~~
Running Make libs in microblaze_0/libsrc/uartlite_v3_2/src
make -C microblaze_0/libsrc/uartlite_v3_2/src -s libs  "SHELL=/bin/sh" "COMPILER=mb-gcc" "ARCHIVER=mb-ar" "COMPILER_FLAGS=  -O2 -c -mcpu=v11.0 -mlittle-endian -mxl-soft-mul" "EXTRA_COMPILER_FLAGS=-ffunction-sections -fdata-sections -Wall -Wextra"
Compiling uartlite
Running Make libs in microblaze_0/libsrc/bram_v4_2/src
make -C microblaze_0/libsrc/bram_v4_2/src -s libs  "SHELL=/bin/sh" "COMPILER=mb-gcc" "ARCHIVER=mb-ar" "COMPILER_FLAGS=  -O2 -c -mcpu=v11.0 -mlittle-endian -mxl-soft-mul" "EXTRA_COMPILER_FLAGS=-ffunction-sections -fdata-sections -Wall -Wextra"
Compiling bram
Running Make libs in microblaze_0/libsrc/reg_32ip_v1_0/src
make -C microblaze_0/libsrc/reg_32ip_v1_0/src -s libs  "SHELL=/bin/sh" "COMPILER=mb-gcc" "ARCHIVER=mb-ar" "COMPILER_FLAGS=  -O2 -c -mcpu=v11.0 -mlittle-endian -mxl-soft-mul" "EXTRA_COMPILER_FLAGS=-ffunction-sections -fdata-sections -Wall -Wextra"
Compiling reg_32ip...
reg_32ip_selftest.c: In function 'REG_32IP_Reg_SelfTest':
reg_32ip_selftest.c:52:57: warning: comparison between signed and unsigned integer expressions [-Wsign-compare]
    if ( REG_32IP_mReadReg (baseaddr, read_loop_index*4) != (read_loop_index+1)*READ_WRITE_MUL_FACTOR){
                                                         ^~
reg_32ip_selftest.c:36:6: warning: unused variable 'Index' [-Wunused-variable]
  int Index;
      ^~~~~
Running Make libs in microblaze_0/libsrc/cpu_v2_8/src
make -C microblaze_0/libsrc/cpu_v2_8/src -s libs  "SHELL=/bin/sh" "COMPILER=mb-gcc" "ARCHIVER=mb-ar" "COMPILER_FLAGS=  -O2 -c -mcpu=v11.0 -mlittle-endian -mxl-soft-mul" "EXTRA_COMPILER_FLAGS=-ffunction-sections -fdata-sections -Wall -Wextra"
Compiling cpu
Running Make libs in microblaze_0/libsrc/intc_v3_8/src
make -C microblaze_0/libsrc/intc_v3_8/src -s libs  "SHELL=/bin/sh" "COMPILER=mb-gcc" "ARCHIVER=mb-ar" "COMPILER_FLAGS=  -O2 -c -mcpu=v11.0 -mlittle-endian -mxl-soft-mul" "EXTRA_COMPILER_FLAGS=-ffunction-sections -fdata-sections -Wall -Wextra"
Compiling intc
Finished building libraries
09:52:05 **** Build of configuration Debug for project gapp ****
make all 
Building file: ../src/api.c
Invoking: MicroBlaze gcc compiler
mb-gcc -Wall -O0 -g3 -c -fmessage-length=0 -MT"src/api.o" -I../../gapp_bsp/microblaze_0/include -mlittle-endian -mcpu=v11.0 -mxl-soft-mul -Wl,--no-relax -ffunction-sections -fdata-sections -MMD -MP -MF"src/api.d" -MT"src/api.o" -o "src/api.o" "../src/api.c"
Finished building: ../src/api.c
 
Building file: ../src/executor.c
Invoking: MicroBlaze gcc compiler
mb-gcc -Wall -O0 -g3 -c -fmessage-length=0 -MT"src/executor.o" -I../../gapp_bsp/microblaze_0/include -mlittle-endian -mcpu=v11.0 -mxl-soft-mul -Wl,--no-relax -ffunction-sections -fdata-sections -MMD -MP -MF"src/executor.d" -MT"src/executor.o" -o "src/executor.o" "../src/executor.c"
Finished building: ../src/executor.c
 
Building file: ../src/main.c
Invoking: MicroBlaze gcc compiler
mb-gcc -Wall -O0 -g3 -c -fmessage-length=0 -MT"src/main.o" -I../../gapp_bsp/microblaze_0/include -mlittle-endian -mcpu=v11.0 -mxl-soft-mul -Wl,--no-relax -ffunction-sections -fdata-sections -MMD -MP -MF"src/main.d" -MT"src/main.o" -o "src/main.o" "../src/main.c"
Finished building: ../src/main.c
 
Building file: ../src/parser.c
[...]
../src/core_logic/api_wrapper.c:3:10: fatal error: axi_regs.h: No such file or directory
 #include "axi_regs.h"
          ^~~~~~~~~~~~
compilation terminated.
make: *** [src/core_logic/subdir.mk:26: src/core_logic/api_wrapper.o] Error 1
17:07:35 **** Clean-only build of configuration Debug for project ag_new ****
make clean 
rm -rf  ./src/user_logic/uart.o  ./src/core_logic/afe_drivers.o ./src/core_logic/api_wrapper.o ./src/core_logic/executor.o  ./src/main.o  ./src/user_logic/uart.d  ./src/core_logic/afe_drivers.d ./src/core_logic/api_wrapper.d ./src/core_logic/executor.d  ./src/main.d  ag_new.elf.size  ag_new.elf
 
17:07:35 **** Auto Build of configuration Debug for project ag_new ****
make all 
Building file: ../src/core_logic/afe_drivers.c
Invoking: MicroBlaze gcc compiler
mb-gcc -Wall -O0 -g3 -c -fmessage-length=0 -MT"src/core_logic/afe_drivers.o" -I../../ag_new_bsp/microblaze_0/include -mlittle-endian -mcpu=v11.0 -mxl-soft-mul -Wl,--no-relax -ffunction-sections -fdata-sections -MMD -MP -MF"src/core_logic/afe_drivers.d" -MT"src/core_logic/afe_drivers.o" -o "src/core_logic/afe_drivers.o" "../src/core_logic/afe_drivers.c"
Finished building: ../src/core_logic/afe_drivers.c
 
Building file: ../src/core_logic/api_wrapper.c
Invoking: MicroBlaze gcc compiler
mb-gcc -Wall -O0 -g3 -c -fmessage-length=0 -MT"src/core_logic/api_wrapper.o" -I../../ag_new_bsp/microblaze_0/include -mlittle-endian -mcpu=v11.0 -mxl-soft-mul -Wl,--no-relax -ffunction-sections -fdata-sections -MMD -MP -MF"src/core_logic/api_wrapper.d" -MT"src/core_logic/api_wrapper.o" -o "src/core_logic/api_wrapper.o" "../src/core_logic/api_wrapper.c"
../src/core_logic/api_wrapper.c:3:10: fatal error: axi_regs.h: No such file or directory
 #include "axi_regs.h"
          ^~~~~~~~~~~~
compilation terminated.
make: *** [src/core_logic/subdir.mk:26: src/core_logic/api_wrapper.o] Error 1
17:07:42 **** Auto Build of configuration Debug for project ag_new ****
make all 
Building file: ../src/user_logic/uart.c
Invoking: MicroBlaze gcc compiler
mb-gcc -Wall -O0 -g3 -c -fmessage-length=0 -MT"src/user_logic/uart.o" -I../../ag_new_bsp/microblaze_0/include -mlittle-endian -mcpu=v11.0 -mxl-soft-mul -Wl,--no-relax -ffunction-sections -fdata-sections -MMD -MP -MF"src/user_logic/uart.d" -MT"src/user_logic/uart.o" -o "src/user_logic/uart.o" "../src/user_logic/uart.c"
Finished building: ../src/user_logic/uart.c
 
Building file: ../src/core_logic/api_wrapper.c
Invoking: MicroBlaze gcc compiler
mb-gcc -Wall -O0 -g3 -c -fmessage-length=0 -MT"src/core_logic/api_wrapper.o" -I../../ag_new_bsp/microblaze_0/include -mlittle-endian -mcpu=v11.0 -mxl-soft-mul -Wl,--no-relax -ffunction-sections -fdata-sections -MMD -MP -MF"src/core_logic/api_wrapper.d" -MT"src/core_logic/api_wrapper.o" -o "src/core_logic/api_wrapper.o" "../src/core_logic/api_wrapper.c"
../src/core_logic/api_wrapper.c:3:10: fatal error: axi_regs.h: No such file or directory
 #include "axi_regs.h"
          ^~~~~~~~~~~~
compilation terminated.
make: *** [src/core_logic/subdir.mk:26: src/core_logic/api_wrapper.o] Error 1
17:07:43 **** Auto Build of configuration Debug for project ag_new ****
make all 
Building file: ../src/core_logic/api_wrapper.c
Invoking: MicroBlaze gcc compiler
mb-gcc -Wall -O0 -g3 -c -fmessage-length=0 -MT"src/core_logic/api_wrapper.o" -I../../ag_new_bsp/microblaze_0/include -mlittle-endian -mcpu=v11.0 -mxl-soft-mul -Wl,--no-relax -ffunction-sections -fdata-sections -MMD -MP -MF"src/core_logic/api_wrapper.d" -MT"src/core_logic/api_wrapper.o" -o "src/core_logic/api_wrapper.o" "../src/core_logic/api_wrapper.c"
../src/core_logic/api_wrapper.c:3:10: fatal error: axi_regs.h: No such file or directory
 #include "axi_regs.h"
          ^~~~~~~~~~~~
compilation terminated.
make: *** [src/core_logic/subdir.mk:26: src/core_logic/api_wrapper.o] Error 1
17:07:44 **** Auto Build of configuration Debug for project ag_new ****
make all 
Building file: ../src/user_logic/parser.c
Invoking: MicroBlaze gcc compiler
mb-gcc -Wall -O0 -g3 -c -fmessage-length=0 -MT"src/user_logic/parser.o" -I../../ag_new_bsp/microblaze_0/include -mlittle-endian -mcpu=v11.0 -mxl-soft-mul -Wl,--no-relax -ffunction-sections -fdata-sections -MMD -MP -MF"src/user_logic/parser.d" -MT"src/user_logic/parser.o" -o "src/user_logic/parser.o" "../src/user_logic/parser.c"
../src/user_logic/parser.c:6:10: fatal error: func_desc.h: No such file or directory
 #include "func_desc.h"
          ^~~~~~~~~~~~~
compilation terminated.
make: *** [src/user_logic/subdir.mk:23: src/user_logic/parser.o] Error 1
17:08:25 **** Auto Build of configuration Debug for project ag_new ****
make all 
Building file: ../src/user_logic/command_dict.c
Invoking: MicroBlaze gcc compiler
mb-gcc -Wall -O0 -g3 -c -fmessage-length=0 -MT"src/user_logic/command_dict.o" -I../../ag_new_bsp/microblaze_0/include -mlittle-endian -mcpu=v11.0 -mxl-soft-mul -Wl,--no-relax -ffunction-sections -fdata-sections -MMD -MP -MF"src/user_logic/command_dict.d" -MT"src/user_logic/command_dict.o" -o "src/user_logic/command_dict.o" "../src/user_logic/command_dict.c"
../src/user_logic/command_dict.c:2:10: fatal error: api_wrapper.h: No such file or directory
 #include "api_wrapper.h"
          ^~~~~~~~~~~~~~~
compilation terminated.
make: *** [src/user_logic/subdir.mk:26: src/user_logic/command_dict.o] Error 1
17:08:33 **** Clean-only build of configuration Debug for project ag_new ****
make clean 
rm -rf  ./src/user_logic/command_dict.o ./src/user_logic/parser.o ./src/user_logic/uart.o  ./src/core_logic/afe_drivers.o ./src/core_logic/api_wrapper.o ./src/core_logic/executor.o  ./src/main.o  ./src/user_logic/command_dict.d ./src/user_logic/parser.d ./src/user_logic/uart.d  ./src/core_logic/afe_drivers.d ./src/core_logic/api_wrapper.d ./src/core_logic/executor.d  ./src/main.d  ag_new.elf.size  ag_new.elf
 
17:08:33 **** Auto Build of configuration Debug for project ag_new ****
make all 
Building file: ../src/user_logic/command_dict.c
Invoking: MicroBlaze gcc compiler
mb-gcc -Wall -O0 -g3 -c -fmessage-length=0 -MT"src/user_logic/command_dict.o" -I../../ag_new_bsp/microblaze_0/include -mlittle-endian -mcpu=v11.0 -mxl-soft-mul -Wl,--no-relax -ffunction-sections -fdata-sections -MMD -MP -MF"src/user_logic/command_dict.d" -MT"src/user_logic/command_dict.o" -o "src/user_logic/command_dict.o" "../src/user_logic/command_dict.c"
../src/user_logic/command_dict.c:2:10: fatal error: api_wrapper.h: No such file or directory
 #include "api_wrapper.h"
          ^~~~~~~~~~~~~~~
compilation terminated.
make: *** [src/user_logic/subdir.mk:23: src/user_logic/command_dict.o] Error 1
17:08:40 **** Clean-only build of configuration Debug for project ag_new ****
make clean 
rm -rf  ./src/user_logic/command_dict.o ./src/user_logic/uart.o  ./src/core_logic/afe_drivers.o ./src/core_logic/api_wrapper.o ./src/core_logic/executor.o  ./src/main.o  ./src/user_logic/command_dict.d ./src/user_logic/uart.d  ./src/core_logic/afe_drivers.d ./src/core_logic/api_wrapper.d ./src/core_logic/executor.d  ./src/main.d  ag_new.elf.size  ag_new.elf
 
17:08:40 **** Auto Build of configuration Debug for project ag_new ****
make all 
Building file: ../src/user_logic/command_dict.c
Invoking: MicroBlaze gcc compiler
mb-gcc -Wall -O0 -g3 -c -fmessage-length=0 -MT"src/user_logic/command_dict.o" -I../../ag_new_bsp/microblaze_0/include -mlittle-endian -mcpu=v11.0 -mxl-soft-mul -Wl,--no-relax -ffunction-sections -fdata-sections -MMD -MP -MF"src/user_logic/command_dict.d" -MT"src/user_logic/command_dict.o" -o "src/user_logic/command_dict.o" "../src/user_logic/command_dict.c"
../src/user_logic/command_dict.c:2:10: fatal error: api_wrapper.h: No such file or directory
 #include "api_wrapper.h"
          ^~~~~~~~~~~~~~~
compilation terminated.
make: *** [src/user_logic/subdir.mk:23: src/user_logic/command_dict.o] Error 1
17:09:20 **** Auto Build of configuration Debug for project ag_new ****
make all 
Building file: ../src/user_logic/command_dict.c
Invoking: MicroBlaze gcc compiler
mb-gcc -Wall -O0 -g3 -c -fmessage-length=0 -MT"src/user_logic/command_dict.o" -I../../ag_new_bsp/microblaze_0/include -mlittle-endian -mcpu=v11.0 -mxl-soft-mul -Wl,--no-relax -ffunction-sections -fdata-sections -MMD -MP -MF"src/user_logic/command_dict.d" -MT"src/user_logic/command_dict.o" -o "src/user_logic/command_dict.o" "../src/user_logic/command_dict.c"
../src/user_logic/command_dict.c:2:10: fatal error: api_wrapper.h: No such file or directory
 #include "api_wrapper.h"
          ^~~~~~~~~~~~~~~
compilation terminated.
make: *** [src/user_logic/subdir.mk:26: src/user_logic/command_dict.o] Error 1
17:09:44 **** Auto Build of configuration Debug for project ag_new ****
make all 
Building file: ../src/user_logic/command_dict.c
Invoking: MicroBlaze gcc compiler
mb-gcc -Wall -O0 -g3 -c -fmessage-length=0 -MT"src/user_logic/command_dict.o" -I../../ag_new_bsp/microblaze_0/include -mlittle-endian -mcpu=v11.0 -mxl-soft-mul -Wl,--no-relax -ffunction-sections -fdata-sections -MMD -MP -MF"src/user_logic/command_dict.d" -MT"src/user_logic/command_dict.o" -o "src/user_logic/command_dict.o" "../src/user_logic/command_dict.c"
Finished building: ../src/user_logic/command_dict.c
 
Building file: ../src/user_logic/parser.c
Invoking: MicroBlaze gcc compiler
mb-gcc -Wall -O0 -g3 -c -fmessage-length=0 -MT"src/user_logic/parser.o" -I../../ag_new_bsp/microblaze_0/include -mlittle-endian -mcpu=v11.0 -mxl-soft-mul -Wl,--no-relax -ffunction-sections -fdata-sections -MMD -MP -MF"src/user_logic/parser.d" -MT"src/user_logic/parser.o" -o "src/user_logic/parser.o" "../src/user_logic/parser.c"
../src/user_logic/parser.c:4:10: fatal error: axi_regs.h: No such file or directory
 #include "axi_regs.h"
          ^~~~~~~~~~~~
compilation terminated.
make: *** [src/user_logic/subdir.mk:26: src/user_logic/parser.o] Error 1
17:09:52 **** Auto Build of configuration Debug for project ag_new ****
make all 
Building file: ../src/user_logic/parser.c
Invoking: MicroBlaze gcc compiler
mb-gcc -Wall -O0 -g3 -c -fmessage-length=0 -MT"src/user_logic/parser.o" -I../../ag_new_bsp/microblaze_0/include -mlittle-endian -mcpu=v11.0 -mxl-soft-mul -Wl,--no-relax -ffunction-sections -fdata-sections -MMD -MP -MF"src/user_logic/parser.d" -MT"src/user_logic/parser.o" -o "src/user_logic/parser.o" "../src/user_logic/parser.c"
../src/user_logic/parser.c:5:10: fatal error: api_wrapper.h: No such file or directory
 #include "api_wrapper.h" 
          ^~~~~~~~~~~~~~~
compilation terminated.
make: *** [src/user_logic/subdir.mk:26: src/user_logic/parser.o] Error 1
17:10:04 **** Auto Build of configuration Debug for project ag_new ****
make all 
Building file: ../src/user_logic/parser.c
Invoking: MicroBlaze gcc compiler
mb-gcc -Wall -O0 -g3 -c -fmessage-length=0 -MT"src/user_logic/parser.o" -I../../ag_new_bsp/microblaze_0/include -mlittle-endian -mcpu=v11.0 -mxl-soft-mul -Wl,--no-relax -ffunction-sections -fdata-sections -MMD -MP -MF"src/user_logic/parser.d" -MT"src/user_logic/parser.o" -o "src/user_logic/parser.o" "../src/user_logic/parser.c"
../src/user_logic/parser.c:7:10: fatal error: afe_drivers.h: No such file or directory
 #include "afe_drivers.h" 
          ^~~~~~~~~~~~~~~
compilation terminated.
make: *** [src/user_logic/subdir.mk:26: src/user_logic/parser.o] Error 1
17:10:14 **** Auto Build of configuration Debug for project ag_new ****
make all 
Building file: ../src/user_logic/parser.c
Invoking: MicroBlaze gcc compiler
mb-gcc -Wall -O0 -g3 -c -fmessage-length=0 -MT"src/user_logic/parser.o" -I../../ag_new_bsp/microblaze_0/include -mlittle-endian -mcpu=v11.0 -mxl-soft-mul -Wl,--no-relax -ffunction-sections -fdata-sections -MMD -MP -MF"src/user_logic/parser.d" -MT"src/user_logic/parser.o" -o "src/user_logic/parser.o" "../src/user_logic/parser.c"
In file included from ../src/user_logic/parser.c:4:0:
../src/user_logic/../axi_regs.h:23:30: error: expected identifier before numeric constant
 #define TI_AFE_RET_EXEC_PASS 0x0000
                              ^
../src/user_logic/../core_logic/afe_drivers.h:8:5: note: in expansion of macro 'TI_AFE_RET_EXEC_PASS'
     TI_AFE_RET_EXEC_PASS = 0,
     ^~~~~~~~~~~~~~~~~~~~
make: *** [src/user_logic/subdir.mk:26: src/user_logic/parser.o] Error 1
17:12:01 **** Auto Build of configuration Debug for project ag_new ****
make all 
Building file: ../src/user_logic/parser.c
Invoking: MicroBlaze gcc compiler
mb-gcc -Wall -O0 -g3 -c -fmessage-length=0 -MT"src/user_logic/parser.o" -I../../ag_new_bsp/microblaze_0/include -mlittle-endian -mcpu=v11.0 -mxl-soft-mul -Wl,--no-relax -ffunction-sections -fdata-sections -MMD -MP -MF"src/user_logic/parser.d" -MT"src/user_logic/parser.o" -o "src/user_logic/parser.o" "../src/user_logic/parser.c"
Finished building: ../src/user_logic/parser.c
 
Building file: ../src/user_logic/uart.c
Invoking: MicroBlaze gcc compiler
mb-gcc -Wall -O0 -g3 -c -fmessage-length=0 -MT"src/user_logic/uart.o" -I../../ag_new_bsp/microblaze_0/include -mlittle-endian -mcpu=v11.0 -mxl-soft-mul -Wl,--no-relax -ffunction-sections -fdata-sections -MMD -MP -MF"src/user_logic/uart.d" -MT"src/user_logic/uart.o" -o "src/user_logic/uart.o" "../src/user_logic/uart.c"
Finished building: ../src/user_logic/uart.c
 
Building file: ../src/core_logic/afe_drivers.c
Invoking: MicroBlaze gcc compiler
mb-gcc -Wall -O0 -g3 -c -fmessage-length=0 -MT"src/core_logic/afe_drivers.o" -I../../ag_new_bsp/microblaze_0/include -mlittle-endian -mcpu=v11.0 -mxl-soft-mul -Wl,--no-relax -ffunction-sections -fdata-sections -MMD -MP -MF"src/core_logic/afe_drivers.d" -MT"src/core_logic/afe_drivers.o" -o "src/core_logic/afe_drivers.o" "../src/core_logic/afe_drivers.c"
Finished building: ../src/core_logic/afe_drivers.c
 
Building file: ../src/core_logic/api_wrapper.c
Invoking: MicroBlaze gcc compiler
mb-gcc -Wall -O0 -g3 -c -fmessage-length=0 -MT"src/core_logic/api_wrapper.o" -I../../ag_new_bsp/microblaze_0/include -mlittle-endian -mcpu=v11.0 -mxl-soft-mul -Wl,--no-relax -ffunction-sections -fdata-sections -MMD -MP -MF"src/core_logic/api_wrapper.d" -MT"src/core_logic/api_wrapper.o" -o "src/core_logic/api_wrapper.o" "../src/core_logic/api_wrapper.c"
../src/core_logic/api_wrapper.c:3:10: fatal error: axi_regs.h: No such file or directory
 #include "axi_regs.h"
          ^~~~~~~~~~~~
compilation terminated.
make: *** [src/core_logic/subdir.mk:26: src/core_logic/api_wrapper.o] Error 1
17:12:59 **** Auto Build of configuration Debug for project ag_new ****
make all 
Building file: ../src/core_logic/api_wrapper.c
Invoking: MicroBlaze gcc compiler
mb-gcc -Wall -O0 -g3 -c -fmessage-length=0 -MT"src/core_logic/api_wrapper.o" -I../../ag_new_bsp/microblaze_0/include -mlittle-endian -mcpu=v11.0 -mxl-soft-mul -Wl,--no-relax -ffunction-sections -fdata-sections -MMD -MP -MF"src/core_logic/api_wrapper.d" -MT"src/core_logic/api_wrapper.o" -o "src/core_logic/api_wrapper.o" "../src/core_logic/api_wrapper.c"
../src/core_logic/api_wrapper.c:3:10: fatal error: axi_regs.h: No such file or directory
 #include "axi_regs.h"
          ^~~~~~~~~~~~
compilation terminated.
make: *** [src/core_logic/subdir.mk:26: src/core_logic/api_wrapper.o] Error 1
17:13:53 **** Auto Build of configuration Debug for project ag_new ****
make all 
Building file: ../src/core_logic/api_wrapper.c
Invoking: MicroBlaze gcc compiler
mb-gcc -Wall -O0 -g3 -c -fmessage-length=0 -MT"src/core_logic/api_wrapper.o" -I../../ag_new_bsp/microblaze_0/include -mlittle-endian -mcpu=v11.0 -mxl-soft-mul -Wl,--no-relax -ffunction-sections -fdata-sections -MMD -MP -MF"src/core_logic/api_wrapper.d" -MT"src/core_logic/api_wrapper.o" -o "src/core_logic/api_wrapper.o" "../src/core_logic/api_wrapper.c"
Finished building: ../src/core_logic/api_wrapper.c
 
Building file: ../src/core_logic/executor.c
Invoking: MicroBlaze gcc compiler
mb-gcc -Wall -O0 -g3 -c -fmessage-length=0 -MT"src/core_logic/executor.o" -I../../ag_new_bsp/microblaze_0/include -mlittle-endian -mcpu=v11.0 -mxl-soft-mul -Wl,--no-relax -ffunction-sections -fdata-sections -MMD -MP -MF"src/core_logic/executor.d" -MT"src/core_logic/executor.o" -o "src/core_logic/executor.o" "../src/core_logic/executor.c"
../src/core_logic/executor.c:2:10: fatal error: axi_regs.h: No such file or directory
 #include "axi_regs.h"
          ^~~~~~~~~~~~
compilation terminated.
make: *** [src/core_logic/subdir.mk:26: src/core_logic/executor.o] Error 1
17:14:01 **** Auto Build of configuration Debug for project ag_new ****
make all 
Building file: ../src/core_logic/executor.c
Invoking: MicroBlaze gcc compiler
mb-gcc -Wall -O0 -g3 -c -fmessage-length=0 -MT"src/core_logic/executor.o" -I../../ag_new_bsp/microblaze_0/include -mlittle-endian -mcpu=v11.0 -mxl-soft-mul -Wl,--no-relax -ffunction-sections -fdata-sections -MMD -MP -MF"src/core_logic/executor.d" -MT"src/core_logic/executor.o" -o "src/core_logic/executor.o" "../src/core_logic/executor.c"
Finished building: ../src/core_logic/executor.c
 
Building file: ../src/main.c
Invoking: MicroBlaze gcc compiler
mb-gcc -Wall -O0 -g3 -c -fmessage-length=0 -MT"src/main.o" -I../../ag_new_bsp/microblaze_0/include -mlittle-endian -mcpu=v11.0 -mxl-soft-mul -Wl,--no-relax -ffunction-sections -fdata-sections -MMD -MP -MF"src/main.d" -MT"src/main.o" -o "src/main.o" "../src/main.c"
../src/main.c:7:10: fatal error: user_logic/mapper.h: No such file or directory
 #include "user_logic/mapper.h"
          ^~~~~~~~~~~~~~~~~~~~~
compilation terminated.
make: *** [src/subdir.mk:23: src/main.o] Error 1
17:14:44 **** Auto Build of configuration Debug for project ag_new ****
make all 
Building file: ../src/main.c
Invoking: MicroBlaze gcc compiler
mb-gcc -Wall -O0 -g3 -c -fmessage-length=0 -MT"src/main.o" -I../../ag_new_bsp/microblaze_0/include -mlittle-endian -mcpu=v11.0 -mxl-soft-mul -Wl,--no-relax -ffunction-sections -fdata-sections -MMD -MP -MF"src/main.d" -MT"src/main.o" -o "src/main.o" "../src/main.c"
../src/main.c:7:10: fatal error: user_logic/api_wrapper.h: No such file or directory
 #include "user_logic/api_wrapper.h"
          ^~~~~~~~~~~~~~~~~~~~~~~~~~
compilation terminated.
make: *** [src/subdir.mk:23: src/main.o] Error 1
17:14:53 **** Auto Build of configuration Debug for project ag_new ****
make all 
Building file: ../src/main.c
Invoking: MicroBlaze gcc compiler
mb-gcc -Wall -O0 -g3 -c -fmessage-length=0 -MT"src/main.o" -I../../ag_new_bsp/microblaze_0/include -mlittle-endian -mcpu=v11.0 -mxl-soft-mul -Wl,--no-relax -ffunction-sections -fdata-sections -MMD -MP -MF"src/main.d" -MT"src/main.o" -o "src/main.o" "../src/main.c"
../src/main.c:9:10: fatal error: core_logic/api.h: No such file or directory
 #include "core_logic/api.h"
          ^~~~~~~~~~~~~~~~~~
compilation terminated.
make: *** [src/subdir.mk:23: src/main.o] Error 1
17:15:19 **** Auto Build of configuration Debug for project ag_new ****
make all 
Building file: ../src/main.c
Invoking: MicroBlaze gcc compiler
mb-gcc -Wall -O0 -g3 -c -fmessage-length=0 -MT"src/main.o" -I../../ag_new_bsp/microblaze_0/include -mlittle-endian -mcpu=v11.0 -mxl-soft-mul -Wl,--no-relax -ffunction-sections -fdata-sections -MMD -MP -MF"src/main.d" -MT"src/main.o" -o "src/main.o" "../src/main.c"
Finished building: ../src/main.c
 
Building target: ag_new.elf
Invoking: MicroBlaze gcc linker
mb-gcc -Wl,-T -Wl,../src/lscript.ld -L../../ag_new_bsp/microblaze_0/lib -mlittle-endian -mcpu=v11.0 -mxl-soft-mul -Wl,--no-relax -Wl,--gc-sections -o "ag_new.elf"  ./src/user_logic/command_dict.o ./src/user_logic/parser.o ./src/user_logic/uart.o  ./src/core_logic/afe_drivers.o ./src/core_logic/api_wrapper.o ./src/core_logic/executor.o  ./src/main.o   -Wl,--start-group,-lxil,-lgcc,-lc,--end-group
Finished building target: ag_new.elf
 
Invoking: MicroBlaze Print Size
mb-size ag_new.elf  |tee "ag_new.elf.size"
   text	   data	    bss	    dec	    hex	filename
  24792	   1404	   3252	  29448	   7308	ag_new.elf
Finished building: ag_new.elf.size
 
